Archive member included to satisfy reference by file (symbol)

C:/Users/AnlangZ/ZCodeProject/mouse-forwarder/tools/riscv-gcc/xpack-riscv-none-elf-gcc-14.2.0-2/bin/../lib/gcc/riscv-none-elf/14.2.0/../../../../riscv-none-elf/lib\libc.a(libc_a-printf.o)
                              C:\Users\AnlangZ\AppData\Local\Temp\cc0nr6zT.o (printf)
C:/Users/AnlangZ/ZCodeProject/mouse-forwarder/tools/riscv-gcc/xpack-riscv-none-elf-gcc-14.2.0-2/bin/../lib/gcc/riscv-none-elf/14.2.0/../../../../riscv-none-elf/lib\libc.a(libc_a-puts.o)
                              C:\Users\AnlangZ\AppData\Local\Temp\cc7lqtVh.o (puts)
C:/Users/AnlangZ/ZCodeProject/mouse-forwarder/tools/riscv-gcc/xpack-riscv-none-elf-gcc-14.2.0-2/bin/../lib/gcc/riscv-none-elf/14.2.0/../../../../riscv-none-elf/lib\libc.a(libc_a-impure.o)
                              C:/Users/AnlangZ/ZCodeProject/mouse-forwarder/tools/riscv-gcc/xpack-riscv-none-elf-gcc-14.2.0-2/bin/../lib/gcc/riscv-none-elf/14.2.0/../../../../riscv-none-elf/lib\libc.a(libc_a-printf.o) (_impure_ptr)
C:/Users/AnlangZ/ZCodeProject/mouse-forwarder/tools/riscv-gcc/xpack-riscv-none-elf-gcc-14.2.0-2/bin/../lib/gcc/riscv-none-elf/14.2.0/../../../../riscv-none-elf/lib\libc.a(libc_a-lock.o)
                              C:/Users/AnlangZ/ZCodeProject/mouse-forwarder/tools/riscv-gcc/xpack-riscv-none-elf-gcc-14.2.0-2/bin/../lib/gcc/riscv-none-elf/14.2.0/../../../../riscv-none-elf/lib\libc.a(libc_a-puts.o) (__retarget_lock_acquire_recursive)
C:/Users/AnlangZ/ZCodeProject/mouse-forwarder/tools/riscv-gcc/xpack-riscv-none-elf-gcc-14.2.0-2/bin/../lib/gcc/riscv-none-elf/14.2.0/../../../../riscv-none-elf/lib\libc.a(libc_a-memset.o)
                              C:\Users\AnlangZ\AppData\Local\Temp\cc0nr6zT.o (memset)
C:/Users/AnlangZ/ZCodeProject/mouse-forwarder/tools/riscv-gcc/xpack-riscv-none-elf-gcc-14.2.0-2/bin/../lib/gcc/riscv-none-elf/14.2.0/../../../../riscv-none-elf/lib\libc.a(libc_a-memcpy.o)
                              C:\Users\AnlangZ\AppData\Local\Temp\cctn96j9.o (memcpy)
C:/Users/AnlangZ/ZCodeProject/mouse-forwarder/tools/riscv-gcc/xpack-riscv-none-elf-gcc-14.2.0-2/bin/../lib/gcc/riscv-none-elf/14.2.0/../../../../riscv-none-elf/lib\libc.a(libc_a-strlen.o)
                              C:/Users/AnlangZ/ZCodeProject/mouse-forwarder/tools/riscv-gcc/xpack-riscv-none-elf-gcc-14.2.0-2/bin/../lib/gcc/riscv-none-elf/14.2.0/../../../../riscv-none-elf/lib\libc.a(libc_a-puts.o) (strlen)
C:/Users/AnlangZ/ZCodeProject/mouse-forwarder/tools/riscv-gcc/xpack-riscv-none-elf-gcc-14.2.0-2/bin/../lib/gcc/riscv-none-elf/14.2.0/../../../../riscv-none-elf/lib\libc.a(libc_a-vfprintf.o)
                              C:/Users/AnlangZ/ZCodeProject/mouse-forwarder/tools/riscv-gcc/xpack-riscv-none-elf-gcc-14.2.0-2/bin/../lib/gcc/riscv-none-elf/14.2.0/../../../../riscv-none-elf/lib\libc.a(libc_a-printf.o) (_vfprintf_r)
C:/Users/AnlangZ/ZCodeProject/mouse-forwarder/tools/riscv-gcc/xpack-riscv-none-elf-gcc-14.2.0-2/bin/../lib/gcc/riscv-none-elf/14.2.0/../../../../riscv-none-elf/lib\libc.a(libc_a-sprint_r.o)
                              C:/Users/AnlangZ/ZCodeProject/mouse-forwarder/tools/riscv-gcc/xpack-riscv-none-elf-gcc-14.2.0-2/bin/../lib/gcc/riscv-none-elf/14.2.0/../../../../riscv-none-elf/lib\libc.a(libc_a-vfprintf.o) (__sprint_r)
C:/Users/AnlangZ/ZCodeProject/mouse-forwarder/tools/riscv-gcc/xpack-riscv-none-elf-gcc-14.2.0-2/bin/../lib/gcc/riscv-none-elf/14.2.0/../../../../riscv-none-elf/lib\libc.a(libc_a-fflush.o)
                              C:/Users/AnlangZ/ZCodeProject/mouse-forwarder/tools/riscv-gcc/xpack-riscv-none-elf-gcc-14.2.0-2/bin/../lib/gcc/riscv-none-elf/14.2.0/../../../../riscv-none-elf/lib\libc.a(libc_a-vfprintf.o) (_fflush_r)
C:/Users/AnlangZ/ZCodeProject/mouse-forwarder/tools/riscv-gcc/xpack-riscv-none-elf-gcc-14.2.0-2/bin/../lib/gcc/riscv-none-elf/14.2.0/../../../../riscv-none-elf/lib\libc.a(libc_a-findfp.o)
                              C:/Users/AnlangZ/ZCodeProject/mouse-forwarder/tools/riscv-gcc/xpack-riscv-none-elf-gcc-14.2.0-2/bin/../lib/gcc/riscv-none-elf/14.2.0/../../../../riscv-none-elf/lib\libc.a(libc_a-fflush.o) (__sglue)
C:/Users/AnlangZ/ZCodeProject/mouse-forwarder/tools/riscv-gcc/xpack-riscv-none-elf-gcc-14.2.0-2/bin/../lib/gcc/riscv-none-elf/14.2.0/../../../../riscv-none-elf/lib\libc.a(libc_a-fvwrite.o)
                              C:/Users/AnlangZ/ZCodeProject/mouse-forwarder/tools/riscv-gcc/xpack-riscv-none-elf-gcc-14.2.0-2/bin/../lib/gcc/riscv-none-elf/14.2.0/../../../../riscv-none-elf/lib\libc.a(libc_a-puts.o) (__sfvwrite_r)
C:/Users/AnlangZ/ZCodeProject/mouse-forwarder/tools/riscv-gcc/xpack-riscv-none-elf-gcc-14.2.0-2/bin/../lib/gcc/riscv-none-elf/14.2.0/../../../../riscv-none-elf/lib\libc.a(libc_a-fwalk.o)
                              C:/Users/AnlangZ/ZCodeProject/mouse-forwarder/tools/riscv-gcc/xpack-riscv-none-elf-gcc-14.2.0-2/bin/../lib/gcc/riscv-none-elf/14.2.0/../../../../riscv-none-elf/lib\libc.a(libc_a-fflush.o) (_fwalk_sglue)
[...]
Memory Configuration

Name             Origin             Length             Attributes
FLASH            0x00000000         0x00030000         xr
RAM              0x20000000         0x00008000         xrw
*default*        0x00000000         0xffffffff

Linker script and memory map

LOAD C:\Users\AnlangZ\AppData\Local\Temp\ccKhaRIj.o
LOAD C:\Users\AnlangZ\AppData\Local\Temp\cc7lqtVh.o
LOAD C:\Users\AnlangZ\AppData\Local\Temp\cctFsNBt.o
LOAD C:\Users\AnlangZ\AppData\Local\Temp\cctn96j9.o
LOAD C:\Users\AnlangZ\AppData\Local\Temp\cc7JiYm1.o
LOAD C:\Users\AnlangZ\AppData\Local\Temp\ccWbAhaj.o
LOAD C:\Users\AnlangZ\AppData\Local\Temp\ccDJCOHG.o
LOAD C:\Users\AnlangZ\AppData\Local\Temp\ccgLXwmp.o
LOAD C:\Users\AnlangZ\AppData\Local\Temp\cccWGhUC.o
LOAD C:\Users\AnlangZ\AppData\Local\Temp\ccYR4Pv3.o
LOAD C:\Users\AnlangZ\AppData\Local\Temp\cc0nr6zT.o
LOAD C:\Users\AnlangZ\AppData\Local\Temp\ccRXQD3X.o
LOAD C:\Users\AnlangZ\AppData\Local\Temp\ccqmrptw.o
LOAD C:\Users\AnlangZ\AppData\Local\Temp\ccDJ47Bq.o
LOAD C:\Users\AnlangZ\AppData\Local\Temp\ccFKv3hI.o
LOAD C:\Users\AnlangZ\AppData\Local\Temp\ccn15kAl.o
LOAD C:\Users\AnlangZ\AppData\Local\Temp\ccDLyH4j.o
LOAD C:\Users\AnlangZ\AppData\Local\Temp\cc4sBYlq.o
LOAD C:\Users\AnlangZ\AppData\Local\Temp\ccp1UV1W.o
LOAD C:\Users\AnlangZ\AppData\Local\Temp\ccUWF6VN.o
LOAD C:\Users\AnlangZ\AppData\Local\Temp\ccQ5cumm.o
LOAD C:\Users\AnlangZ\AppData\Local\Temp\ccujvOCd.o
LOAD C:\Users\AnlangZ\AppData\Local\Temp\ccTGMZCv.o
LOAD C:\Users\AnlangZ\AppData\Local\Temp\ccScfDJ9.o
LOAD C:\Users\AnlangZ\AppData\Local\Temp\ccvBJY2g.o
LOAD C:\Users\AnlangZ\AppData\Local\Temp\ccpSvI3F.o
LOAD C:\Users\AnlangZ\AppData\Local\Temp\ccLZfZip.o
LOAD C:\Users\AnlangZ\AppData\Local\Temp\cclyANSr.o
LOAD C:\Users\AnlangZ\AppData\Local\Temp\ccwNTiUF.o
LOAD C:\Users\AnlangZ\AppData\Local\Temp\ccddKUzd.o
LOAD C:\Users\AnlangZ\AppData\Local\Temp\ccCzJ9Vn.o
LOAD C:\Users\AnlangZ\AppData\Local\Temp\cc2D9uSF.o
LOAD C:\Users\AnlangZ\AppData\Local\Temp\ccqV4Eci.o
LOAD C:\Users\AnlangZ\AppData\Local\Temp\ccIlGVGk.o
LOAD C:\Users\AnlangZ\AppData\Local\Temp\ccLFM3oC.o
LOAD C:\Users\AnlangZ\AppData\Local\Temp\ccO1ZoyF.o
LOAD C:\Users\AnlangZ\AppData\Local\Temp\ccytFPi4.o
LOAD C:\Users\AnlangZ\AppData\Local\Temp\cc2EU6VM.o
LOAD C:/Users/AnlangZ/ZCodeProject/mouse-forwarder/tools/riscv-gcc/xpack-riscv-none-elf-gcc-14.2.0-2/bin/../lib/gcc/riscv-none-elf/14.2.0/../../../../riscv-none-elf/lib\libm.a
LOAD C:/Users/AnlangZ/ZCodeProject/mouse-forwarder/tools/riscv-gcc/xpack-riscv-none-elf-gcc-14.2.0-2/bin/../lib/gcc/riscv-none-elf/14.2.0\libgcc.a
START GROUP
LOAD C:/Users/AnlangZ/ZCodeProject/mouse-forwarder/tools/riscv-gcc/xpack-riscv-none-elf-gcc-14.2.0-2/bin/../lib/gcc/riscv-none-elf/14.2.0/../../../../riscv-none-elf/lib\libc.a
LOAD C:/Users/AnlangZ/ZCodeProject/mouse-forwarder/tools/riscv-gcc/xpack-riscv-none-elf-gcc-14.2.0-2/bin/../lib/gcc/riscv-none-elf/14.2.0/../../../../riscv-none-elf/lib\libgloss.a
END GROUP
LOAD C:/Users/AnlangZ/ZCodeProject/mouse-forwarder/tools/riscv-gcc/xpack-riscv-none-elf-gcc-14.2.0-2/bin/../lib/gcc/riscv-none-elf/14.2.0\libgcc.a

.text           0x00000000     0xdbd0
                0x00000000                        . = ALIGN (0x4)
 *(.init)
 .init          0x00000000        0x4 C:\Users\AnlangZ\AppData\Local\Temp\ccKhaRIj.o
                0x00000000                _start
 *(.text)
 .text          0x00000004       0xa8 C:/Users/AnlangZ/ZCodeProject/mouse-forwarder/tools/riscv-gcc/xpack-riscv-none-elf-gcc-14.2.0-2/bin/../lib/gcc/riscv-none-elf/14.2.0/../../../../riscv-none-elf/lib\libc.a(libc_a-memset.o)
                0x00000004                memset
 *(.text.*)
 .text.vector_handler
                0x000000ac        0x2 C:\Users\AnlangZ\AppData\Local\Temp\ccKhaRIj.o
                0x000000ac                EXTI2_IRQHandler
                0x000000ac                TIM8_TRG_COM_IRQHandler
                0x000000ac                TIM8_CC_IRQHandler
                0x000000ac                UART8_IRQHandler
                0x000000ac                TIM1_CC_IRQHandler
                0x000000ac                TIM6_IRQHandler
                0x000000ac                SysTick_Handler
                0x000000ac                PVD_IRQHandler
                0x000000ac                SDIO_IRQHandler
                0x000000ac                TIM9_BRK_IRQHandler
                0x000000ac                DMA2_Channel8_IRQHandler
                0x000000ac                CAN2_RX1_IRQHandler
                0x000000ac                EXTI3_IRQHandler
                0x000000ac                DMA2_Channel9_IRQHandler
                0x000000ac                TIM10_CC_IRQHandler
                0x000000ac                EXTI0_IRQHandler
                0x000000ac                I2C2_EV_IRQHandler
                0x000000ac                TIM10_TRG_COM_IRQHandler
                0x000000ac                CAN2_SCE_IRQHandler
                0x000000ac                ADC1_2_IRQHandler
                0x000000ac                Break_Point_Handler
                0x000000ac                SPI1_IRQHandler
                0x000000ac                TAMPER_IRQHandler
                0x000000ac                CAN2_RX0_IRQHandler
                0x000000ac                TIM8_UP_IRQHandler
                0x000000ac                Ecall_M_Mode_Handler
                0x000000ac                DMA2_Channel2_IRQHandler
                0x000000ac                DMA1_Channel4_IRQHandler
                0x000000ac                TIM9_UP_IRQHandler
                0x000000ac                USART3_IRQHandler
                0x000000ac                RTC_IRQHandler
                0x000000ac                DMA1_Channel7_IRQHandler
                0x000000ac                CAN1_RX1_IRQHandler
                0x000000ac                DVP_IRQHandler
                0x000000ac                UART5_IRQHandler
                0x000000ac                TIM4_IRQHandler
                0x000000ac                DMA2_Channel1_IRQHandler
                0x000000ac                I2C1_EV_IRQHandler
                0x000000ac                DMA1_Channel6_IRQHandler
                0x000000ac                UART4_IRQHandler
                0x000000ac                DMA2_Channel4_IRQHandler
                0x000000ac                RCC_IRQHandler
                0x000000ac                TIM1_TRG_COM_IRQHandler
                0x000000ac                DMA1_Channel1_IRQHandler
                0x000000ac                DMA2_Channel7_IRQHandler
                0x000000ac                EXTI15_10_IRQHandler
                0x000000ac                TIM7_IRQHandler
                0x000000ac                CAN2_TX_IRQHandler
                0x000000ac                TIM5_IRQHandler
                0x000000ac                EXTI9_5_IRQHandler
                0x000000ac                ETH_WKUP_IRQHandler
                0x000000ac                SPI2_IRQHandler
                0x000000ac                TIM10_BRK_IRQHandler
                0x000000ac                TIM9_CC_IRQHandler
                0x000000ac                DMA2_Channel5_IRQHandler
                0x000000ac                DMA1_Channel5_IRQHandler
                0x000000ac                EXTI4_IRQHandler
                0x000000ac                USB_LP_CAN1_RX0_IRQHandler
                0x000000ac                RNG_IRQHandler
                0x000000ac                USB_HP_CAN1_TX_IRQHandler
                0x000000ac                DMA1_Channel3_IRQHandler
                0x000000ac                ETH_IRQHandler
                0x000000ac                TIM1_UP_IRQHandler
                0x000000ac                WWDG_IRQHandler
                0x000000ac                USBHSWakeup_IRQHandler
                0x000000ac                DMA2_Channel11_IRQHandler
                0x000000ac                Ecall_U_Mode_Handler
                0x000000ac                DMA2_Channel6_IRQHandler
                0x000000ac                SW_Handler
                0x000000ac                TIM1_BRK_IRQHandler
                0x000000ac                DMA2_Channel10_IRQHandler
                0x000000ac                EXTI1_IRQHandler
                0x000000ac                RTCAlarm_IRQHandler
                0x000000ac                TIM10_UP_IRQHandler
                0x000000ac                TIM9_TRG_COM_IRQHandler
                0x000000ac                UART7_IRQHandler
                0x000000ac                UART6_IRQHandler
                0x000000ac                I2C2_ER_IRQHandler
                0x000000ac                DMA1_Channel2_IRQHandler
                0x000000ac                TIM8_BRK_IRQHandler
                0x000000ac                CAN1_SCE_IRQHandler
                0x000000ac                FLASH_IRQHandler
                0x000000ac                USART1_IRQHandler
                0x000000ac                SPI3_IRQHandler
                0x000000ac                I2C1_ER_IRQHandler
                0x000000ac                USBWakeUp_IRQHandler
                0x000000ac                DMA2_Channel3_IRQHandler
 .text.handle_reset
                0x000000ae       0x90 C:\Users\AnlangZ\AppData\Local\Temp\ccKhaRIj.o
                0x000000ae                handle_reset
 .text.Mouse_Packet_Parse
                0x0000013e       0x9c C:\Users\AnlangZ\AppData\Local\Temp\cc7lqtVh.o
                0x0000013e                Mouse_Packet_Parse
 .text.Mouse_Send_HID_Report
                0x000001da       0x5c C:\Users\AnlangZ\AppData\Local\Temp\cc7lqtVh.o
                0x000001da                Mouse_Send_HID_Report
 .text.startup.main
                0x00000236       0xa0 C:\Users\AnlangZ\AppData\Local\Temp\cc7lqtVh.o
                0x00000236                main
 .text.NMI_Handler
                0x000002d6        0x2 C:\Users\AnlangZ\AppData\Local\Temp\cctFsNBt.o
                0x000002d6                NMI_Handler
 .text.TIM2_IRQHandler
                0x000002d8       0x82 C:\Users\AnlangZ\AppData\Local\Temp\cctFsNBt.o
                0x000002d8                TIM2_IRQHandler
 .text.HardFault_Handler
                0x0000035a       0x3c C:\Users\AnlangZ\AppData\Local\Temp\cctFsNBt.o
                0x0000035a                HardFault_Handler
 .text.USBFS_RCC_Init
                0x00000396       0x3a C:\Users\AnlangZ\AppData\Local\Temp\cctn96j9.o
                0x00000396                USBFS_RCC_Init
 .text.USBFS_Device_Endp_Init
                0x000003d0       0x80 C:\Users\AnlangZ\AppData\Local\Temp\cctn96j9.o
                0x000003d0                USBFS_Device_Endp_Init
 .text.USBFS_Device_Init
                0x00000450       0x64 C:\Users\AnlangZ\AppData\Local\Temp\cctn96j9.o
                0x00000450                USBFS_Device_Init
 .text.USBFS_Endp_DataUp
                0x000004b4      0x104 C:\Users\AnlangZ\AppData\Local\Temp\cctn96j9.o
                0x000004b4                USBFS_Endp_DataUp
 .text.USBFS_IRQHandler
                0x000005b8      0x7ec C:\Users\AnlangZ\AppData\Local\Temp\cctn96j9.o
                0x000005b8                USBFS_IRQHandler
 .text.USB_TestMode_Deal
                0x00000da4      0x10a C:\Users\AnlangZ\AppData\Local\Temp\ccWbAhaj.o
                0x00000da4                USB_TestMode_Deal
 .text.USBHS_RCC_Init
                0x00000eae       0x32 C:\Users\AnlangZ\AppData\Local\Temp\ccWbAhaj.o
                0x00000eae                USBHS_RCC_Init
 .text.USBHS_Device_Endp_Init
                0x00000ee0       0x54 C:\Users\AnlangZ\AppData\Local\Temp\ccWbAhaj.o
                0x00000ee0                USBHS_Device_Endp_Init
 .text.USBHS_Device_Init
                0x00000f34       0x74 C:\Users\AnlangZ\AppData\Local\Temp\ccWbAhaj.o
                0x00000f34                USBHS_Device_Init
 .text.USBHS_Endp_DataUp
                0x00000fa8      0x12a C:\Users\AnlangZ\AppData\Local\Temp\ccWbAhaj.o
                0x00000fa8                USBHS_Endp_DataUp
 .text.USBHS_IRQHandler
                0x000010d2      0x74e C:\Users\AnlangZ\AppData\Local\Temp\ccWbAhaj.o
                0x000010d2                USBHS_IRQHandler
 .text.USBHS_Send_Resume
                0x00001820       0x34 C:\Users\AnlangZ\AppData\Local\Temp\ccWbAhaj.o
                0x00001820                USBHS_Send_Resume
 .text.SystemInit
                0x00001854       0xf0 C:\Users\AnlangZ\AppData\Local\Temp\ccgLXwmp.o
                0x00001854                SystemInit
 .text.SystemCoreClockUpdate
                0x00001944       0xa8 C:\Users\AnlangZ\AppData\Local\Temp\ccgLXwmp.o
                0x00001944                SystemCoreClockUpdate
 .text.USART2_IRQHandler
                0x000019ec       0x6e C:\Users\AnlangZ\AppData\Local\Temp\cccWGhUC.o
                0x000019ec                USART2_IRQHandler
 .text.KB_Scan  0x00001a5a       0x74 C:\Users\AnlangZ\AppData\Local\Temp\cccWGhUC.o
                0x00001a5a                KB_Scan
 .text.MS_Scan  0x00001ace       0x6e C:\Users\AnlangZ\AppData\Local\Temp\cccWGhUC.o
                0x00001ace                MS_Scan
 .text.TIM3_IRQHandler
                0x00001b3c       0x7e C:\Users\AnlangZ\AppData\Local\Temp\cccWGhUC.o
                0x00001b3c                TIM3_IRQHandler
 .text.MCU_Sleep_Wakeup_Operate
                0x00001bba       0xb8 C:\Users\AnlangZ\AppData\Local\Temp\cccWGhUC.o
                0x00001bba                MCU_Sleep_Wakeup_Operate
 .text._close   0x00001c72        0x4 C:\Users\AnlangZ\AppData\Local\Temp\ccYR4Pv3.o
                0x00001c72                _close
 .text._fstat   0x00001c76        0x8 C:\Users\AnlangZ\AppData\Local\Temp\ccYR4Pv3.o
                0x00001c76                _fstat
 .text._isatty  0x00001c7e        0x4 C:\Users\AnlangZ\AppData\Local\Temp\ccYR4Pv3.o
                0x00001c7e                _isatty
 .text._lseek   0x00001c82        0x4 C:\Users\AnlangZ\AppData\Local\Temp\ccYR4Pv3.o
                0x00001c82                _lseek
 .text._read    0x00001c86        0x4 C:\Users\AnlangZ\AppData\Local\Temp\ccYR4Pv3.o
                0x00001c86                _read
 .text.RCC_Configuration
                0x00001c8a       0x2e C:\Users\AnlangZ\AppData\Local\Temp\cc0nr6zT.o
                0x00001c8a                RCC_Configuration
 .text.TIM2_Init
                0x00001cb8       0x72 C:\Users\AnlangZ\AppData\Local\Temp\cc0nr6zT.o
                0x00001cb8                TIM2_Init
 .text.UART2_CfgInit
                0x00001d2a      0x13c C:\Users\AnlangZ\AppData\Local\Temp\cc0nr6zT.o
                0x00001d2a                UART2_CfgInit
 .text.UART2_ParaInit
                0x00001e66       0x94 C:\Users\AnlangZ\AppData\Local\Temp\cc0nr6zT.o
                0x00001e66                UART2_ParaInit
 .text.UART2_DMAInit
                0x00001efa       0xbc C:\Users\AnlangZ\AppData\Local\Temp\cc0nr6zT.o
                0x00001efa                UART2_DMAInit
 .text.UART2_Init
                0x00001fb6       0x8c C:\Users\AnlangZ\AppData\Local\Temp\cc0nr6zT.o
                0x00001fb6                UART2_Init
 .text.UART2_USB_Init
                0x00002042       0x64 C:\Users\AnlangZ\AppData\Local\Temp\cc0nr6zT.o
                0x00002042                UART2_USB_Init
 .text.UART2_DataTx_Deal
                0x000020a6      0x1a2 C:\Users\AnlangZ\AppData\Local\Temp\cc0nr6zT.o
                0x000020a6                UART2_DataTx_Deal
 .text.UART2_DataRx_Deal
                0x00002248      0x214 C:\Users\AnlangZ\AppData\Local\Temp\cc0nr6zT.o
                0x00002248                UART2_DataRx_Deal
 .text.Delay_Init
                0x0000245c       0x2a C:\Users\AnlangZ\AppData\Local\Temp\ccRXQD3X.o
                0x0000245c                Delay_Init
 .text.Delay_Us
                0x00002486       0x36 C:\Users\AnlangZ\AppData\Local\Temp\ccRXQD3X.o
                0x00002486                Delay_Us
 .text.Delay_Ms
                0x000024bc       0x36 C:\Users\AnlangZ\AppData\Local\Temp\ccRXQD3X.o
                0x000024bc                Delay_Ms
 .text.USART_Printf_Init
                0x000024f2       0x62 C:\Users\AnlangZ\AppData\Local\Temp\ccRXQD3X.o
                0x000024f2                USART_Printf_Init
 .text._write   0x00002554       0x4c C:\Users\AnlangZ\AppData\Local\Temp\ccRXQD3X.o
                0x00002554                _write
 .text._sbrk    0x000025a0       0x2e C:\Users\AnlangZ\AppData\Local\Temp\ccRXQD3X.o
                0x000025a0                _sbrk
 .text.DMA_DeInit
                0x000025ce      0x19a C:\Users\AnlangZ\AppData\Local\Temp\ccp1UV1W.o
                0x000025ce                DMA_DeInit
 .text.DMA_Init
                0x00002768       0x38 C:\Users\AnlangZ\AppData\Local\Temp\ccp1UV1W.o
                0x00002768                DMA_Init
 .text.DMA_Cmd  0x000027a0       0x14 C:\Users\AnlangZ\AppData\Local\Temp\ccp1UV1W.o
                0x000027a0                DMA_Cmd
 .text.EXTI_GetFlagStatus
                0x000027b4       0x12 C:\Users\AnlangZ\AppData\Local\Temp\ccujvOCd.o
                0x000027b4                EXTI_GetFlagStatus
 .text.EXTI_ClearFlag
                0x000027c6        0xc C:\Users\AnlangZ\AppData\Local\Temp\ccujvOCd.o
                0x000027c6                EXTI_ClearFlag
 .text.GPIO_Init
                0x000027d2       0xbe C:\Users\AnlangZ\AppData\Local\Temp\ccvBJY2g.o
                0x000027d2                GPIO_Init
 .text.GPIO_ReadInputData
                0x00002890        0x8 C:\Users\AnlangZ\AppData\Local\Temp\ccvBJY2g.o
                0x00002890                GPIO_ReadInputData
 .text.GPIO_SetBits
                0x00002898        0x4 C:\Users\AnlangZ\AppData\Local\Temp\ccvBJY2g.o
                0x00002898                GPIO_SetBits
 .text.NVIC_PriorityGroupConfig
                0x0000289c        0x6 C:\Users\AnlangZ\AppData\Local\Temp\cclyANSr.o
                0x0000289c                NVIC_PriorityGroupConfig
 .text.PWR_EnterSTOPMode
                0x000028a2       0x76 C:\Users\AnlangZ\AppData\Local\Temp\ccddKUzd.o
                0x000028a2                PWR_EnterSTOPMode
 .text.RCC_GetClocksFreq
                0x00002918      0x15c C:\Users\AnlangZ\AppData\Local\Temp\ccCzJ9Vn.o
                0x00002918                RCC_GetClocksFreq
 .text.RCC_AHBPeriphClockCmd
                0x00002a74       0x18 C:\Users\AnlangZ\AppData\Local\Temp\ccCzJ9Vn.o
                0x00002a74                RCC_AHBPeriphClockCmd
 .text.RCC_APB2PeriphClockCmd
                0x00002a8c       0x18 C:\Users\AnlangZ\AppData\Local\Temp\ccCzJ9Vn.o
                0x00002a8c                RCC_APB2PeriphClockCmd
 .text.RCC_APB1PeriphClockCmd
                0x00002aa4       0x18 C:\Users\AnlangZ\AppData\Local\Temp\ccCzJ9Vn.o
                0x00002aa4                RCC_APB1PeriphClockCmd
 .text.RCC_APB2PeriphResetCmd
                0x00002abc       0x18 C:\Users\AnlangZ\AppData\Local\Temp\ccCzJ9Vn.o
                0x00002abc                RCC_APB2PeriphResetCmd
 .text.RCC_APB1PeriphResetCmd
                0x00002ad4       0x18 C:\Users\AnlangZ\AppData\Local\Temp\ccCzJ9Vn.o
                0x00002ad4                RCC_APB1PeriphResetCmd
 .text.RCC_USBHSConfig
                0x00002aec       0x1a C:\Users\AnlangZ\AppData\Local\Temp\ccCzJ9Vn.o
                0x00002aec                RCC_USBHSConfig
 .text.RCC_USBHSPLLCLKConfig
                0x00002b06       0x1a C:\Users\AnlangZ\AppData\Local\Temp\ccCzJ9Vn.o
                0x00002b06                RCC_USBHSPLLCLKConfig
 .text.RCC_USBHSPLLCKREFCLKConfig
                0x00002b20       0x1a C:\Users\AnlangZ\AppData\Local\Temp\ccCzJ9Vn.o
                0x00002b20                RCC_USBHSPLLCKREFCLKConfig
 .text.RCC_USBHSPHYPLLALIVEcmd
                0x00002b3a       0x1c C:\Users\AnlangZ\AppData\Local\Temp\ccCzJ9Vn.o
                0x00002b3a                RCC_USBHSPHYPLLALIVEcmd
 .text.RCC_USBCLK48MConfig
                0x00002b56       0x16 C:\Users\AnlangZ\AppData\Local\Temp\ccCzJ9Vn.o
                0x00002b56                RCC_USBCLK48MConfig
 .text.TIM_DeInit
                0x00002b6c      0x102 C:\Users\AnlangZ\AppData\Local\Temp\ccO1ZoyF.o
                0x00002b6c                TIM_DeInit
 .text.TIM_TimeBaseInit
                0x00002c6e      0x108 C:\Users\AnlangZ\AppData\Local\Temp\ccO1ZoyF.o
                0x00002c6e                TIM_TimeBaseInit
 .text.TIM_Cmd  0x00002d76       0x18 C:\Users\AnlangZ\AppData\Local\Temp\ccO1ZoyF.o
                0x00002d76                TIM_Cmd
 .text.TIM_ITConfig
                0x00002d8e       0x16 C:\Users\AnlangZ\AppData\Local\Temp\ccO1ZoyF.o
                0x00002d8e                TIM_ITConfig
 .text.TIM_ClearFlag
                0x00002da4        0xe C:\Users\AnlangZ\AppData\Local\Temp\ccO1ZoyF.o
                0x00002da4                TIM_ClearFlag
 .text.TIM_GetITStatus
                0x00002db2       0x1c C:\Users\AnlangZ\AppData\Local\Temp\ccO1ZoyF.o
                0x00002db2                TIM_GetITStatus
 .text.TIM_ClearITPendingBit
                0x00002dce        0xe C:\Users\AnlangZ\AppData\Local\Temp\ccO1ZoyF.o
                0x00002dce                TIM_ClearITPendingBit
 .text.USART_Init
                0x00002ddc       0xac C:\Users\AnlangZ\AppData\Local\Temp\ccytFPi4.o
                0x00002ddc                USART_Init
 .text.USART_Cmd
                0x00002e88       0x18 C:\Users\AnlangZ\AppData\Local\Temp\ccytFPi4.o
                0x00002e88                USART_Cmd
 .text.USART_DMACmd
                0x00002ea0       0x16 C:\Users\AnlangZ\AppData\Local\Temp\ccytFPi4.o
                0x00002ea0                USART_DMACmd
 .text.USART_SendData
                0x00002eb6        0xa C:\Users\AnlangZ\AppData\Local\Temp\ccytFPi4.o
                0x00002eb6                USART_SendData
 .text.USART_ReceiveData
                0x00002ec0        0xa C:\Users\AnlangZ\AppData\Local\Temp\ccytFPi4.o
                0x00002ec0                USART_ReceiveData
 .text.USART_GetFlagStatus
                0x00002eca        0xc C:\Users\AnlangZ\AppData\Local\Temp\ccytFPi4.o
                0x00002eca                USART_GetFlagStatus
 .text.USART_ClearFlag
                0x00002ed6        0xe C:\Users\AnlangZ\AppData\Local\Temp\ccytFPi4.o
                0x00002ed6                USART_ClearFlag
 .text.USART_GetITStatus
                0x00002ee4       0x46 C:\Users\AnlangZ\AppData\Local\Temp\ccytFPi4.o
                0x00002ee4                USART_GetITStatus
 .text.printf   0x00002f2a       0x2e C:/Users/AnlangZ/ZCodeProject/mouse-forwarder/tools/riscv-gcc/xpack-riscv-none-elf-gcc-14.2.0-2/bin/../lib/gcc/riscv-none-elf/14.2.0/../../../../riscv-none-elf/lib\libc.a(libc_a-printf.o)
                0x00002f2a                printf
 .text._puts_r  0x00002f58       0xe8 C:/Users/AnlangZ/ZCodeProject/mouse-forwarder/tools/riscv-gcc/xpack-riscv-none-elf-gcc-14.2.0-2/bin/../lib/gcc/riscv-none-elf/14.2.0/../../../../riscv-none-elf/lib\libc.a(libc_a-puts.o)
                0x00002f58                _puts_r
 .text.puts     0x00003040        0xc C:/Users/AnlangZ/ZCodeProject/mouse-forwarder/tools/riscv-gcc/xpack-riscv-none-elf-gcc-14.2.0-2/bin/../lib/gcc/riscv-none-elf/14.2.0/../../../../riscv-none-elf/lib\libc.a(libc_a-puts.o)
                0x00003040                puts
 .text.__retarget_lock_init_recursive
                0x0000304c        0x2 C:/Users/AnlangZ/ZCodeProject/mouse-forwarder/tools/riscv-gcc/xpack-riscv-none-elf-gcc-14.2.0-2/bin/../lib/gcc/riscv-none-elf/14.2.0/../../../../riscv-none-elf/lib\libc.a(libc_a-lock.o)
                0x0000304c                __retarget_lock_init_recursive
 .text.__retarget_lock_close_recursive
                0x0000304e        0x2 C:/Users/AnlangZ/ZCodeProject/mouse-forwarder/tools/riscv-gcc/xpack-riscv-none-elf-gcc-14.2.0-2/bin/../lib/gcc/riscv-none-elf/14.2.0/../../../../riscv-none-elf/lib\libc.a(libc_a-lock.o)
                0x0000304e                __retarget_lock_close_recursive
 .text.__retarget_lock_acquire_recursive
                0x00003050        0x2 C:/Users/AnlangZ/ZCodeProject/mouse-forwarder/tools/riscv-gcc/xpack-riscv-none-elf-gcc-14.2.0-2/bin/../lib/gcc/riscv-none-elf/14.2.0/../../../../riscv-none-elf/lib\libc.a(libc_a-lock.o)
                0x00003050                __retarget_lock_acquire_recursive
 .text.__retarget_lock_release_recursive
                0x00003052        0x2 C:/Users/AnlangZ/ZCodeProject/mouse-forwarder/tools/riscv-gcc/xpack-riscv-none-elf-gcc-14.2.0-2/bin/../lib/gcc/riscv-none-elf/14.2.0/../../../../riscv-none-elf/lib\libc.a(libc_a-lock.o)
                0x00003052                __retarget_lock_release_recursive
 .text.memcpy   0x00003054       0xec C:/Users/AnlangZ/ZCodeProject/mouse-forwarder/tools/riscv-gcc/xpack-riscv-none-elf-gcc-14.2.0-2/bin/../lib/gcc/riscv-none-elf/14.2.0/../../../../riscv-none-elf/lib\libc.a(libc_a-memcpy.o)
                0x00003054                memcpy
 .text.strlen   0x00003140       0x64 C:/Users/AnlangZ/ZCodeProject/mouse-forwarder/tools/riscv-gcc/xpack-riscv-none-elf-gcc-14.2.0-2/bin/../lib/gcc/riscv-none-elf/14.2.0/../../../../riscv-none-elf/lib\libc.a(libc_a-strlen.o)
                0x00003140                strlen
 .text._vfprintf_r
                0x000031a4     0x281c C:/Users/AnlangZ/ZCodeProject/mouse-forwarder/tools/riscv-gcc/xpack-riscv-none-elf-gcc-14.2.0-2/bin/../lib/gcc/riscv-none-elf/14.2.0/../../../../riscv-none-elf/lib\libc.a(libc_a-vfprintf.o)
                0x000031a4                _vfprintf_r
 .text.__sbprintf
                0x000059c0       0xb0 C:/Users/AnlangZ/ZCodeProject/mouse-forwarder/tools/riscv-gcc/xpack-riscv-none-elf-gcc-14.2.0-2/bin/../lib/gcc/riscv-none-elf/14.2.0/../../../../riscv-none-elf/lib\libc.a(libc_a-vfprintf.o)
 .text.__sprint_r
                0x00005a70       0x2c C:/Users/AnlangZ/ZCodeProject/mouse-forwarder/tools/riscv-gcc/xpack-riscv-none-elf-gcc-14.2.0-2/bin/../lib/gcc/riscv-none-elf/14.2.0/../../../../riscv-none-elf/lib\libc.a(libc_a-sprint_r.o)
                0x00005a70                __sprint_r
 .text.__sflush_r
                0x00005a9c      0x198 C:/Users/AnlangZ/ZCodeProject/mouse-forwarder/tools/riscv-gcc/xpack-riscv-none-elf-gcc-14.2.0-2/bin/../lib/gcc/riscv-none-elf/14.2.0/../../../../riscv-none-elf/lib\libc.a(libc_a-fflush.o)
                0x00005a9c                __sflush_r
 .text._fflush_r
                0x00005c34       0x7c C:/Users/AnlangZ/ZCodeProject/mouse-forwarder/tools/riscv-gcc/xpack-riscv-none-elf-gcc-14.2.0-2/bin/../lib/gcc/riscv-none-elf/14.2.0/../../../../riscv-none-elf/lib\libc.a(libc_a-fflush.o)
                0x00005c34                _fflush_r
 .text.stdio_exit_handler
                0x00005cb0       0x1a C:/Users/AnlangZ/ZCodeProject/mouse-forwarder/tools/riscv-gcc/xpack-riscv-none-elf-gcc-14.2.0-2/bin/../lib/gcc/riscv-none-elf/14.2.0/../../../../riscv-none-elf/lib\libc.a(libc_a-findfp.o)
 .text.cleanup_stdio
                0x00005cca       0x50 C:/Users/AnlangZ/ZCodeProject/mouse-forwarder/tools/riscv-gcc/xpack-riscv-none-elf-gcc-14.2.0-2/bin/../lib/gcc/riscv-none-elf/14.2.0/../../../../riscv-none-elf/lib\libc.a(libc_a-findfp.o)
 .text.global_stdio_init.part.0
                0x00005d1a      0x154 C:/Users/AnlangZ/ZCodeProject/mouse-forwarder/tools/riscv-gcc/xpack-riscv-none-elf-gcc-14.2.0-2/bin/../lib/gcc/riscv-none-elf/14.2.0/../../../../riscv-none-elf/lib\libc.a(libc_a-findfp.o)
 .text.__sinit  0x00005e6e       0x42 C:/Users/AnlangZ/ZCodeProject/mouse-forwarder/tools/riscv-gcc/xpack-riscv-none-elf-gcc-14.2.0-2/bin/../lib/gcc/riscv-none-elf/14.2.0/../../../../riscv-none-elf/lib\libc.a(libc_a-findfp.o)
                0x00005e6e                __sinit
 .text.__sfp_lock_acquire
                0x00005eb0        0x8 C:/Users/AnlangZ/ZCodeProject/mouse-forwarder/tools/riscv-gcc/xpack-riscv-none-elf-gcc-14.2.0-2/bin/../lib/gcc/riscv-none-elf/14.2.0/../../../../riscv-none-elf/lib\libc.a(libc_a-findfp.o)
                0x00005eb0                __sfp_lock_acquire
 .text.__sfp_lock_release
                0x00005eb8        0x8 C:/Users/AnlangZ/ZCodeProject/mouse-forwarder/tools/riscv-gcc/xpack-riscv-none-elf-gcc-14.2.0-2/bin/../lib/gcc/riscv-none-elf/14.2.0/../../../../riscv-none-elf/lib\libc.a(libc_a-findfp.o)
                0x00005eb8                __sfp_lock_release
 .text.__sfvwrite_r
                0x00005ec0      0x348 C:/Users/AnlangZ/ZCodeProject/mouse-forwarder/tools/riscv-gcc/xpack-riscv-none-elf-gcc-14.2.0-2/bin/../lib/gcc/riscv-none-elf/14.2.0/../../../../riscv-none-elf/lib\libc.a(libc_a-fvwrite.o)
                0x00005ec0                __sfvwrite_r
 .text._fwalk_sglue
                0x00006208       0x72 C:/Users/AnlangZ/ZCodeProject/mouse-forwarder/tools/riscv-gcc/xpack-riscv-none-elf-gcc-14.2.0-2/bin/../lib/gcc/riscv-none-elf/14.2.0/../../../../riscv-none-elf/lib\libc.a(libc_a-fwalk.o)
                0x00006208                _fwalk_sglue
 .text.__sread  0x0000627a       0x36 C:/Users/AnlangZ/ZCodeProject/mouse-forwarder/tools/riscv-gcc/xpack-riscv-none-elf-gcc-14.2.0-2/bin/../lib/gcc/riscv-none-elf/14.2.0/../../../../riscv-none-elf/lib\libc.a(libc_a-stdio.o)
                0x0000627a                __sread
 .text.__swrite
                0x000062b0       0x50 C:/Users/AnlangZ/ZCodeProject/mouse-forwarder/tools/riscv-gcc/xpack-riscv-none-elf-gcc-14.2.0-2/bin/../lib/gcc/riscv-none-elf/14.2.0/../../../../riscv-none-elf/lib\libc.a(libc_a-stdio.o)
                0x000062b0                __swrite
 .text.__sseek  0x00006300       0x3c C:/Users/AnlangZ/ZCodeProject/mouse-forwarder/tools/riscv-gcc/xpack-riscv-none-elf-gcc-14.2.0-2/bin/../lib/gcc/riscv-none-elf/14.2.0/../../../../riscv-none-elf/lib\libc.a(libc_a-stdio.o)
                0x00006300                __sseek
 .text.__sclose
                0x0000633c        0x6 C:/Users/AnlangZ/ZCodeProject/mouse-forwarder/tools/riscv-gcc/xpack-riscv-none-elf-gcc-14.2.0-2/bin/../lib/gcc/riscv-none-elf/14.2.0/../../../../riscv-none-elf/lib\libc.a(libc_a-stdio.o)
                0x0000633c                __sclose
 .text.__swsetup_r
                0x00006342      0x122 C:/Users/AnlangZ/ZCodeProject/mouse-forwarder/tools/riscv-gcc/xpack-riscv-none-elf-gcc-14.2.0-2/bin/../lib/gcc/riscv-none-elf/14.2.0/../../../../riscv-none-elf/lib\libc.a(libc_a-wsetup.o)
                0x00006342                __swsetup_r
 .text.memchr   0x00006464       0x94 C:/Users/AnlangZ/ZCodeProject/mouse-forwarder/tools/riscv-gcc/xpack-riscv-none-elf-gcc-14.2.0-2/bin/../lib/gcc/riscv-none-elf/14.2.0/../../../../riscv-none-elf/lib\libc.a(libc_a-memchr.o)
                0x00006464                memchr
 .text.strncpy  0x000064f8       0x76 C:/Users/AnlangZ/ZCodeProject/mouse-forwarder/tools/riscv-gcc/xpack-riscv-none-elf-gcc-14.2.0-2/bin/../lib/gcc/riscv-none-elf/14.2.0/../../../../riscv-none-elf/lib\libc.a(libc_a-strncpy.o)
                0x000064f8                strncpy
 .text.__locale_mb_cur_max
                0x0000656e        0xa C:/Users/AnlangZ/ZCodeProject/mouse-forwarder/tools/riscv-gcc/xpack-riscv-none-elf-gcc-14.2.0-2/bin/../lib/gcc/riscv-none-elf/14.2.0/../../../../riscv-none-elf/lib\libc.a(libc_a-locale.o)
                0x0000656e                __locale_mb_cur_max
 .text._localeconv_r
                0x00006578        0xa C:/Users/AnlangZ/ZCodeProject/mouse-forwarder/tools/riscv-gcc/xpack-riscv-none-elf-gcc-14.2.0-2/bin/../lib/gcc/riscv-none-elf/14.2.0/../../../../riscv-none-elf/lib\libc.a(libc_a-localeconv.o)
                0x00006578                _localeconv_r
 .text._close_r
                0x00006582       0x40 C:/Users/AnlangZ/ZCodeProject/mouse-forwarder/tools/riscv-gcc/xpack-riscv-none-elf-gcc-14.2.0-2/bin/../lib/gcc/riscv-none-elf/14.2.0/../../../../riscv-none-elf/lib\libc.a(libc_a-closer.o)
                0x00006582                _close_r
 .text._lseek_r
                0x000065c2       0x46 C:/Users/AnlangZ/ZCodeProject/mouse-forwarder/tools/riscv-gcc/xpack-riscv-none-elf-gcc-14.2.0-2/bin/../lib/gcc/riscv-none-elf/14.2.0/../../../../riscv-none-elf/lib\libc.a(libc_a-lseekr.o)
                0x000065c2                _lseek_r
 .text._read_r  0x00006608       0x46 C:/Users/AnlangZ/ZCodeProject/mouse-forwarder/tools/riscv-gcc/xpack-riscv-none-elf-gcc-14.2.0-2/bin/../lib/gcc/riscv-none-elf/14.2.0/../../../../riscv-none-elf/lib\libc.a(libc_a-readr.o)
                0x00006608                _read_r
 .text._write_r
                0x0000664e       0x46 C:/Users/AnlangZ/ZCodeProject/mouse-forwarder/tools/riscv-gcc/xpack-riscv-none-elf-gcc-14.2.0-2/bin/../lib/gcc/riscv-none-elf/14.2.0/../../../../riscv-none-elf/lib\libc.a(libc_a-writer.o)
                0x0000664e                _write_r
 .text.memmove  0x00006694       0xdc C:/Users/AnlangZ/ZCodeProject/mouse-forwarder/tools/riscv-gcc/xpack-riscv-none-elf-gcc-14.2.0-2/bin/../lib/gcc/riscv-none-elf/14.2.0/../../../../riscv-none-elf/lib\libc.a(libc_a-memmove-stub.o)
                0x00006694                memmove
 .text.frexp    0x00006770       0x84 C:/Users/AnlangZ/ZCodeProject/mouse-forwarder/tools/riscv-gcc/xpack-riscv-none-elf-gcc-14.2.0-2/bin/../lib/gcc/riscv-none-elf/14.2.0/../../../../riscv-none-elf/lib\libc.a(libm_a-s_frexp.o)
                0x00006770                frexp
 .text.quorem   0x000067f4      0x154 C:/Users/AnlangZ/ZCodeProject/mouse-forwarder/tools/riscv-gcc/xpack-riscv-none-elf-gcc-14.2.0-2/bin/../lib/gcc/riscv-none-elf/14.2.0/../../../../riscv-none-elf/lib\libc.a(libc_a-dtoa.o)
 .text._dtoa_r  0x00006948     0x1248 C:/Users/AnlangZ/ZCodeProject/mouse-forwarder/tools/riscv-gcc/xpack-riscv-none-elf-gcc-14.2.0-2/bin/../lib/gcc/riscv-none-elf/14.2.0/../../../../riscv-none-elf/lib\libc.a(libc_a-dtoa.o)
                0x00006948                _dtoa_r
 .text._malloc_trim_r
                0x00007b90       0xd8 C:/Users/AnlangZ/ZCodeProject/mouse-forwarder/tools/riscv-gcc/xpack-riscv-none-elf-gcc-14.2.0-2/bin/../lib/gcc/riscv-none-elf/14.2.0/../../../../riscv-none-elf/lib\libc.a(libc_a-freer.o)
                0x00007b90                _malloc_trim_r
 .text._free_r  0x00007c68      0x226 C:/Users/AnlangZ/ZCodeProject/mouse-forwarder/tools/riscv-gcc/xpack-riscv-none-elf-gcc-14.2.0-2/bin/../lib/gcc/riscv-none-elf/14.2.0/../../../../riscv-none-elf/lib\libc.a(libc_a-freer.o)
                0x00007c68                _free_r
 .text._malloc_r
                0x00007e8e      0x5e2 C:/Users/AnlangZ/ZCodeProject/mouse-forwarder/tools/riscv-gcc/xpack-riscv-none-elf-gcc-14.2.0-2/bin/../lib/gcc/riscv-none-elf/14.2.0/../../../../riscv-none-elf/lib\libc.a(libc_a-mallocr.o)
                0x00007e8e                _malloc_r
 .text.__ascii_mbtowc
                0x00008470       0x40 C:/Users/AnlangZ/ZCodeProject/mouse-forwarder/tools/riscv-gcc/xpack-riscv-none-elf-gcc-14.2.0-2/bin/../lib/gcc/riscv-none-elf/14.2.0/../../../../riscv-none-elf/lib\libc.a(libc_a-mbtowc_r.o)
                0x00008470                __ascii_mbtowc
 .text.__malloc_lock
                0x000084b0        0x8 C:/Users/AnlangZ/ZCodeProject/mouse-forwarder/tools/riscv-gcc/xpack-riscv-none-elf-gcc-14.2.0-2/bin/../lib/gcc/riscv-none-elf/14.2.0/../../../../riscv-none-elf/lib\libc.a(libc_a-mlock.o)
                0x000084b0                __malloc_lock
 .text.__malloc_unlock
                0x000084b8        0x8 C:/Users/AnlangZ/ZCodeProject/mouse-forwarder/tools/riscv-gcc/xpack-riscv-none-elf-gcc-14.2.0-2/bin/../lib/gcc/riscv-none-elf/14.2.0/../../../../riscv-none-elf/lib\libc.a(libc_a-mlock.o)
                0x000084b8                __malloc_unlock
 .text._Balloc  0x000084c0       0x6a C:/Users/AnlangZ/ZCodeProject/mouse-forwarder/tools/riscv-gcc/xpack-riscv-none-elf-gcc-14.2.0-2/bin/../lib/gcc/riscv-none-elf/14.2.0/../../../../riscv-none-elf/lib\libc.a(libc_a-mprec.o)
                0x000084c0                _Balloc
 .text._Bfree   0x0000852a       0x12 C:/Users/AnlangZ/ZCodeProject/mouse-forwarder/tools/riscv-gcc/xpack-riscv-none-elf-gcc-14.2.0-2/bin/../lib/gcc/riscv-none-elf/14.2.0/../../../../riscv-none-elf/lib\libc.a(libc_a-mprec.o)
                0x0000852a                _Bfree
 .text.__multadd
                0x0000853c       0xe6 C:/Users/AnlangZ/ZCodeProject/mouse-forwarder/tools/riscv-gcc/xpack-riscv-none-elf-gcc-14.2.0-2/bin/../lib/gcc/riscv-none-elf/14.2.0/../../../../riscv-none-elf/lib\libc.a(libc_a-mprec.o)
                0x0000853c                __multadd
 .text.__hi0bits
                0x00008622       0x68 C:/Users/AnlangZ/ZCodeProject/mouse-forwarder/tools/riscv-gcc/xpack-riscv-none-elf-gcc-14.2.0-2/bin/../lib/gcc/riscv-none-elf/14.2.0/../../../../riscv-none-elf/lib\libc.a(libc_a-mprec.o)
                0x00008622                __hi0bits
 .text.__lo0bits
                0x0000868a       0x9e C:/Users/AnlangZ/ZCodeProject/mouse-forwarder/tools/riscv-gcc/xpack-riscv-none-elf-gcc-14.2.0-2/bin/../lib/gcc/riscv-none-elf/14.2.0/../../../../riscv-none-elf/lib\libc.a(libc_a-mprec.o)
                0x0000868a                __lo0bits
 .text.__i2b    0x00008728       0x6c C:/Users/AnlangZ/ZCodeProject/mouse-forwarder/tools/riscv-gcc/xpack-riscv-none-elf-gcc-14.2.0-2/bin/../lib/gcc/riscv-none-elf/14.2.0/../../../../riscv-none-elf/lib\libc.a(libc_a-mprec.o)
                0x00008728                __i2b
 .text.__multiply
                0x00008794      0x1b0 C:/Users/AnlangZ/ZCodeProject/mouse-forwarder/tools/riscv-gcc/xpack-riscv-none-elf-gcc-14.2.0-2/bin/../lib/gcc/riscv-none-elf/14.2.0/../../../../riscv-none-elf/lib\libc.a(libc_a-mprec.o)
                0x00008794                __multiply
 .text.__pow5mult
                0x00008944       0xe8 C:/Users/AnlangZ/ZCodeProject/mouse-forwarder/tools/riscv-gcc/xpack-riscv-none-elf-gcc-14.2.0-2/bin/../lib/gcc/riscv-none-elf/14.2.0/../../../../riscv-none-elf/lib\libc.a(libc_a-mprec.o)
                0x00008944                __pow5mult
 .text.__lshift
                0x00008a2c      0x10e C:/Users/AnlangZ/ZCodeProject/mouse-forwarder/tools/riscv-gcc/xpack-riscv-none-elf-gcc-14.2.0-2/bin/../lib/gcc/riscv-none-elf/14.2.0/../../../../riscv-none-elf/lib\libc.a(libc_a-mprec.o)
                0x00008a2c                __lshift
 .text.__mcmp   0x00008b3a       0x3c C:/Users/AnlangZ/ZCodeProject/mouse-forwarder/tools/riscv-gcc/xpack-riscv-none-elf-gcc-14.2.0-2/bin/../lib/gcc/riscv-none-elf/14.2.0/../../../../riscv-none-elf/lib\libc.a(libc_a-mprec.o)
                0x00008b3a                __mcmp
 .text.__mdiff  0x00008b76      0x19c C:/Users/AnlangZ/ZCodeProject/mouse-forwarder/tools/riscv-gcc/xpack-riscv-none-elf-gcc-14.2.0-2/bin/../lib/gcc/riscv-none-elf/14.2.0/../../../../riscv-none-elf/lib\libc.a(libc_a-mprec.o)
                0x00008b76                __mdiff
 .text.__d2b    0x00008d12       0xe6 C:/Users/AnlangZ/ZCodeProject/mouse-forwarder/tools/riscv-gcc/xpack-riscv-none-elf-gcc-14.2.0-2/bin/../lib/gcc/riscv-none-elf/14.2.0/../../../../riscv-none-elf/lib\libc.a(libc_a-mprec.o)
                0x00008d12                __d2b
 .text._realloc_r
                0x00008df8      0x40e C:/Users/AnlangZ/ZCodeProject/mouse-forwarder/tools/riscv-gcc/xpack-riscv-none-elf-gcc-14.2.0-2/bin/../lib/gcc/riscv-none-elf/14.2.0/../../../../riscv-none-elf/lib\libc.a(libc_a-reallocr.o)
                0x00008df8                _realloc_r
 .text.__ascii_wctomb
                0x00009206       0x20 C:/Users/AnlangZ/ZCodeProject/mouse-forwarder/tools/riscv-gcc/xpack-riscv-none-elf-gcc-14.2.0-2/bin/../lib/gcc/riscv-none-elf/14.2.0/../../../../riscv-none-elf/lib\libc.a(libc_a-wctomb_r.o)
                0x00009206                __ascii_wctomb
 .text._wcrtomb_r
                0x00009226       0x54 C:/Users/AnlangZ/ZCodeProject/mouse-forwarder/tools/riscv-gcc/xpack-riscv-none-elf-gcc-14.2.0-2/bin/../lib/gcc/riscv-none-elf/14.2.0/../../../../riscv-none-elf/lib\libc.a(libc_a-wcrtomb.o)
                0x00009226                _wcrtomb_r
 .text._wcsrtombs_r
                0x0000927a        0x8 C:/Users/AnlangZ/ZCodeProject/mouse-forwarder/tools/riscv-gcc/xpack-riscv-none-elf-gcc-14.2.0-2/bin/../lib/gcc/riscv-none-elf/14.2.0/../../../../riscv-none-elf/lib\libc.a(libc_a-wcsrtombs.o)
                0x0000927a                _wcsrtombs_r
 .text._fclose_r
                0x00009282       0xe6 C:/Users/AnlangZ/ZCodeProject/mouse-forwarder/tools/riscv-gcc/xpack-riscv-none-elf-gcc-14.2.0-2/bin/../lib/gcc/riscv-none-elf/14.2.0/../../../../riscv-none-elf/lib\libc.a(libc_a-fclose.o)
                0x00009282                _fclose_r
 .text.__smakebuf_r
                0x00009368       0xfa C:/Users/AnlangZ/ZCodeProject/mouse-forwarder/tools/riscv-gcc/xpack-riscv-none-elf-gcc-14.2.0-2/bin/../lib/gcc/riscv-none-elf/14.2.0/../../../../riscv-none-elf/lib\libc.a(libc_a-makebuf.o)
                0x00009368                __smakebuf_r
 .text._fstat_r
                0x00009462       0x44 C:/Users/AnlangZ/ZCodeProject/mouse-forwarder/tools/riscv-gcc/xpack-riscv-none-elf-gcc-14.2.0-2/bin/../lib/gcc/riscv-none-elf/14.2.0/../../../../riscv-none-elf/lib\libc.a(libc_a-fstatr.o)
                0x00009462                _fstat_r
 .text._isatty_r
                0x000094a6       0x40 C:/Users/AnlangZ/ZCodeProject/mouse-forwarder/tools/riscv-gcc/xpack-riscv-none-elf-gcc-14.2.0-2/bin/../lib/gcc/riscv-none-elf/14.2.0/../../../../riscv-none-elf/lib\libc.a(libc_a-isattyr.o)
                0x000094a6                _isatty_r
 .text._sbrk_r  0x000094e6       0x40 C:/Users/AnlangZ/ZCodeProject/mouse-forwarder/tools/riscv-gcc/xpack-riscv-none-elf-gcc-14.2.0-2/bin/../lib/gcc/riscv-none-elf/14.2.0/../../../../riscv-none-elf/lib\libc.a(libc_a-sbrkr.o)
                0x000094e6                _sbrk_r
 .text.__errno  0x00009526        0xa C:/Users/AnlangZ/ZCodeProject/mouse-forwarder/tools/riscv-gcc/xpack-riscv-none-elf-gcc-14.2.0-2/bin/../lib/gcc/riscv-none-elf/14.2.0/../../../../riscv-none-elf/lib\libc.a(libc_a-errno.o)
                0x00009526                __errno
 .text.__assert_func
                0x00009530       0x3c C:/Users/AnlangZ/ZCodeProject/mouse-forwarder/tools/riscv-gcc/xpack-riscv-none-elf-gcc-14.2.0-2/bin/../lib/gcc/riscv-none-elf/14.2.0/../../../../riscv-none-elf/lib\libc.a(libc_a-assert.o)
                0x00009530                __assert_func
 .text._calloc_r
                0x0000956c       0xa8 C:/Users/AnlangZ/ZCodeProject/mouse-forwarder/tools/riscv-gcc/xpack-riscv-none-elf-gcc-14.2.0-2/bin/../lib/gcc/riscv-none-elf/14.2.0/../../../../riscv-none-elf/lib\libc.a(libc_a-callocr.o)
                0x0000956c                _calloc_r
 .text._wcsnrtombs_l
                0x00009614      0x102 C:/Users/AnlangZ/ZCodeProject/mouse-forwarder/tools/riscv-gcc/xpack-riscv-none-elf-gcc-14.2.0-2/bin/../lib/gcc/riscv-none-elf/14.2.0/../../../../riscv-none-elf/lib\libc.a(libc_a-wcsnrtombs.o)
                0x00009614                _wcsnrtombs_l
 .text._wcsnrtombs_r
                0x00009716       0x14 C:/Users/AnlangZ/ZCodeProject/mouse-forwarder/tools/riscv-gcc/xpack-riscv-none-elf-gcc-14.2.0-2/bin/../lib/gcc/riscv-none-elf/14.2.0/../../../../riscv-none-elf/lib\libc.a(libc_a-wcsnrtombs.o)
                0x00009716                _wcsnrtombs_r
 .text.fiprintf
                0x0000972a       0x30 C:/Users/AnlangZ/ZCodeProject/mouse-forwarder/tools/riscv-gcc/xpack-riscv-none-elf-gcc-14.2.0-2/bin/../lib/gcc/riscv-none-elf/14.2.0/../../../../riscv-none-elf/lib\libc.a(libc_a-fiprintf.o)
                0x0000972a                fiprintf
 .text._vfiprintf_r
                0x0000975a     0x133c C:/Users/AnlangZ/ZCodeProject/mouse-forwarder/tools/riscv-gcc/xpack-riscv-none-elf-gcc-14.2.0-2/bin/../lib/gcc/riscv-none-elf/14.2.0/../../../../riscv-none-elf/lib\libc.a(libc_a-vfiprintf.o)
                0x0000975a                _vfiprintf_r
 .text.__sbprintf
                0x0000aa96       0xb2 C:/Users/AnlangZ/ZCodeProject/mouse-forwarder/tools/riscv-gcc/xpack-riscv-none-elf-gcc-14.2.0-2/bin/../lib/gcc/riscv-none-elf/14.2.0/../../../../riscv-none-elf/lib\libc.a(libc_a-vfiprintf.o)
 .text.abort    0x0000ab48        0xc C:/Users/AnlangZ/ZCodeProject/mouse-forwarder/tools/riscv-gcc/xpack-riscv-none-elf-gcc-14.2.0-2/bin/../lib/gcc/riscv-none-elf/14.2.0/../../../../riscv-none-elf/lib\libc.a(libc_a-abort.o)
                0x0000ab48                abort
 .text.raise    0x0000ab54       0x72 C:/Users/AnlangZ/ZCodeProject/mouse-forwarder/tools/riscv-gcc/xpack-riscv-none-elf-gcc-14.2.0-2/bin/../lib/gcc/riscv-none-elf/14.2.0/../../../../riscv-none-elf/lib\libc.a(libc_a-signal.o)
                0x0000ab54                raise
 .text._kill_r  0x0000abc6       0x42 C:/Users/AnlangZ/ZCodeProject/mouse-forwarder/tools/riscv-gcc/xpack-riscv-none-elf-gcc-14.2.0-2/bin/../lib/gcc/riscv-none-elf/14.2.0/../../../../riscv-none-elf/lib\libc.a(libc_a-signalr.o)
                0x0000abc6                _kill_r
 .text._getpid_r
                0x0000ac08        0x2 C:/Users/AnlangZ/ZCodeProject/mouse-forwarder/tools/riscv-gcc/xpack-riscv-none-elf-gcc-14.2.0-2/bin/../lib/gcc/riscv-none-elf/14.2.0/../../../../riscv-none-elf/lib\libc.a(libc_a-signalr.o)
                0x0000ac08                _getpid_r
 .text._exit    0x0000ac0a       0x22 C:/Users/AnlangZ/ZCodeProject/mouse-forwarder/tools/riscv-gcc/xpack-riscv-none-elf-gcc-14.2.0-2/bin/../lib/gcc/riscv-none-elf/14.2.0/../../../../riscv-none-elf/lib\libgloss.a(riscv_libgloss_a-sys_exit.o)
                0x0000ac0a                _exit
 .text._getpid  0x0000ac2c        0x4 C:/Users/AnlangZ/ZCodeProject/mouse-forwarder/tools/riscv-gcc/xpack-riscv-none-elf-gcc-14.2.0-2/bin/../lib/gcc/riscv-none-elf/14.2.0/../../../../riscv-none-elf/lib\libgloss.a(riscv_libgloss_a-sys_getpid.o)
                0x0000ac2c                _getpid
 .text._kill    0x0000ac30       0x14 C:/Users/AnlangZ/ZCodeProject/mouse-forwarder/tools/riscv-gcc/xpack-riscv-none-elf-gcc-14.2.0-2/bin/../lib/gcc/riscv-none-elf/14.2.0/../../../../riscv-none-elf/lib\libgloss.a(riscv_libgloss_a-sys_kill.o)
                0x0000ac30                _kill
 .text.__adddf3
                0x0000ac44      0x8c6 C:/Users/AnlangZ/ZCodeProject/mouse-forwarder/tools/riscv-gcc/xpack-riscv-none-elf-gcc-14.2.0-2/bin/../lib/gcc/riscv-none-elf/14.2.0\libgcc.a(adddf3.o)
                0x0000ac44                __adddf3
 .text.__divdf3
                0x0000b50a      0x5f0 C:/Users/AnlangZ/ZCodeProject/mouse-forwarder/tools/riscv-gcc/xpack-riscv-none-elf-gcc-14.2.0-2/bin/../lib/gcc/riscv-none-elf/14.2.0\libgcc.a(divdf3.o)
                0x0000b50a                __divdf3
 .text.__eqdf2  0x0000bafa       0x6c C:/Users/AnlangZ/ZCodeProject/mouse-forwarder/tools/riscv-gcc/xpack-riscv-none-elf-gcc-14.2.0-2/bin/../lib/gcc/riscv-none-elf/14.2.0\libgcc.a(eqdf2.o)
                0x0000bafa                __nedf2
                0x0000bafa                __eqdf2
 .text.__gedf2  0x0000bb66       0xbe C:/Users/AnlangZ/ZCodeProject/mouse-forwarder/tools/riscv-gcc/xpack-riscv-none-elf-gcc-14.2.0-2/bin/../lib/gcc/riscv-none-elf/14.2.0\libgcc.a(gedf2.o)
                0x0000bb66                __gedf2
                0x0000bb66                __gtdf2
 .text.__ledf2  0x0000bc24       0xc0 C:/Users/AnlangZ/ZCodeProject/mouse-forwarder/tools/riscv-gcc/xpack-riscv-none-elf-gcc-14.2.0-2/bin/../lib/gcc/riscv-none-elf/14.2.0\libgcc.a(ledf2.o)
                0x0000bc24                __ledf2
                0x0000bc24                __ltdf2
 .text.__muldf3
                0x0000bce4      0x556 C:/Users/AnlangZ/ZCodeProject/mouse-forwarder/tools/riscv-gcc/xpack-riscv-none-elf-gcc-14.2.0-2/bin/../lib/gcc/riscv-none-elf/14.2.0\libgcc.a(muldf3.o)
                0x0000bce4                __muldf3
 .text.__subdf3
                0x0000c23a      0x8b8 C:/Users/AnlangZ/ZCodeProject/mouse-forwarder/tools/riscv-gcc/xpack-riscv-none-elf-gcc-14.2.0-2/bin/../lib/gcc/riscv-none-elf/14.2.0\libgcc.a(subdf3.o)
                0x0000c23a                __subdf3
 .text.__unorddf2
                0x0000caf2       0x3c C:/Users/AnlangZ/ZCodeProject/mouse-forwarder/tools/riscv-gcc/xpack-riscv-none-elf-gcc-14.2.0-2/bin/../lib/gcc/riscv-none-elf/14.2.0\libgcc.a(unorddf2.o)
                0x0000caf2                __unorddf2
 .text.__fixdfsi
                0x0000cb2e       0x66 C:/Users/AnlangZ/ZCodeProject/mouse-forwarder/tools/riscv-gcc/xpack-riscv-none-elf-gcc-14.2.0-2/bin/../lib/gcc/riscv-none-elf/14.2.0\libgcc.a(fixdfsi.o)
                0x0000cb2e                __fixdfsi
 .text.__floatsidf
                0x0000cb94       0x76 C:/Users/AnlangZ/ZCodeProject/mouse-forwarder/tools/riscv-gcc/xpack-riscv-none-elf-gcc-14.2.0-2/bin/../lib/gcc/riscv-none-elf/14.2.0\libgcc.a(floatsidf.o)
                0x0000cb94                __floatsidf
 .text.__floatunsidf
                0x0000cc0a       0x5c C:/Users/AnlangZ/ZCodeProject/mouse-forwarder/tools/riscv-gcc/xpack-riscv-none-elf-gcc-14.2.0-2/bin/../lib/gcc/riscv-none-elf/14.2.0\libgcc.a(floatunsidf.o)
                0x0000cc0a                __floatunsidf
 .text.__trunctfdf2
                0x0000cc66      0x2aa C:/Users/AnlangZ/ZCodeProject/mouse-forwarder/tools/riscv-gcc/xpack-riscv-none-elf-gcc-14.2.0-2/bin/../lib/gcc/riscv-none-elf/14.2.0\libgcc.a(trunctfdf2.o)
                0x0000cc66                __trunctfdf2
 .text.__clzsi2
                0x0000cf10       0x6e C:/Users/AnlangZ/ZCodeProject/mouse-forwarder/tools/riscv-gcc/xpack-riscv-none-elf-gcc-14.2.0-2/bin/../lib/gcc/riscv-none-elf/14.2.0\libgcc.a(_clzsi2.o)
                0x0000cf10                __clzsi2
 *(.rodata)
 *(.rodata.*)
 *fill*         0x0000cf7e        0x2 
 .rodata.main.str1.4
                0x0000cf80      0x307 C:\Users\AnlangZ\AppData\Local\Temp\cc7lqtVh.o
                                 0xcf (size before relaxing)
 .rodata.HardFault_Handler.str1.4
                0x0000d287        0xb C:\Users\AnlangZ\AppData\Local\Temp\cctFsNBt.o
 *fill*         0x0000d287        0x1 
 .rodata.USBFS_IRQHandler
                0x0000d288       0x30 C:\Users\AnlangZ\AppData\Local\Temp\cctn96j9.o
 .rodata.MySerNumInfo
                0x0000d2b8       0x16 C:\Users\AnlangZ\AppData\Local\Temp\cc7JiYm1.o
                0x0000d2b8                MySerNumInfo
 *fill*         0x0000d2ce        0x2 
 .rodata.MyProdInfo
                0x0000d2d0       0x16 C:\Users\AnlangZ\AppData\Local\Temp\cc7JiYm1.o
                0x0000d2d0                MyProdInfo
 *fill*         0x0000d2e6        0x2 
 .rodata.MyManuInfo
                0x0000d2e8        0xe C:\Users\AnlangZ\AppData\Local\Temp\cc7JiYm1.o
                0x0000d2e8                MyManuInfo
 *fill*         0x0000d2f6        0x2 
 .rodata.MyCfgDescr
                0x0000d2f8       0x43 C:\Users\AnlangZ\AppData\Local\Temp\cc7JiYm1.o
                0x0000d2f8                MyCfgDescr
 *fill*         0x0000d33b        0x1 
 .rodata.MyDevDescr
                0x0000d33c       0x12 C:\Users\AnlangZ\AppData\Local\Temp\cc7JiYm1.o
                0x0000d33c                MyDevDescr
 *fill*         0x0000d34e        0x2 
 .rodata.USBHS_IRQHandler
                0x0000d350       0x58 C:\Users\AnlangZ\AppData\Local\Temp\ccWbAhaj.o
 .rodata.HS_MySerNumInfo
                0x0000d3a8       0x22 C:\Users\AnlangZ\AppData\Local\Temp\ccDJCOHG.o
                0x0000d3a8                HS_MySerNumInfo
 *fill*         0x0000d3ca        0x2 
 .rodata.HS_MyProdInfo
                0x0000d3cc       0x12 C:\Users\AnlangZ\AppData\Local\Temp\ccDJCOHG.o
                0x0000d3cc                HS_MyProdInfo
 *fill*         0x0000d3de        0x2 
 .rodata.HS_MyManuInfo
                0x0000d3e0        0xe C:\Users\AnlangZ\AppData\Local\Temp\ccDJCOHG.o
                0x0000d3e0                HS_MyManuInfo
 *fill*         0x0000d3ee        0x2 
 .rodata.MyQuaDesc
                0x0000d3f0        0xa C:\Users\AnlangZ\AppData\Local\Temp\ccDJCOHG.o
                0x0000d3f0                MyQuaDesc
 *fill*         0x0000d3fa        0x2 
 .rodata.MouseRepDesc
                0x0000d3fc       0x34 C:\Users\AnlangZ\AppData\Local\Temp\ccDJCOHG.o
                0x0000d3fc                MouseRepDesc
 .rodata.KeyRepDesc
                0x0000d430       0x3e C:\Users\AnlangZ\AppData\Local\Temp\ccDJCOHG.o
                0x0000d430                KeyRepDesc
 *fill*         0x0000d46e        0x2 
 .rodata.HS_MyCfgDescr
                0x0000d470       0x3b C:\Users\AnlangZ\AppData\Local\Temp\ccDJCOHG.o
                0x0000d470                HS_MyCfgDescr
 *fill*         0x0000d4ab        0x1 
 .rodata.HS_MyDevDescr
                0x0000d4ac       0x12 C:\Users\AnlangZ\AppData\Local\Temp\ccDJCOHG.o
                0x0000d4ac                HS_MyDevDescr
 *fill*         0x0000d4be        0x2 
 .rodata.AHBPrescTable
                0x0000d4c0       0x10 C:\Users\AnlangZ\AppData\Local\Temp\ccgLXwmp.o
                0x0000d4c0                AHBPrescTable
 .rodata.MCU_Sleep_Wakeup_Operate.str1.4
                0x0000d4d0        0xe C:\Users\AnlangZ\AppData\Local\Temp\cccWGhUC.o
 .rodata.UART2_DataRx_Deal.str1.4
                0x0000d4d0        0xc C:\Users\AnlangZ\AppData\Local\Temp\cc0nr6zT.o
 .rodata.APBAHBPrescTable
                0x0000d4d0       0x10 C:\Users\AnlangZ\AppData\Local\Temp\ccCzJ9Vn.o
 .rodata._puts_r.str1.4
                0x0000d4e0        0x2 C:/Users/AnlangZ/ZCodeProject/mouse-forwarder/tools/riscv-gcc/xpack-riscv-none-elf-gcc-14.2.0-2/bin/../lib/gcc/riscv-none-elf/14.2.0/../../../../riscv-none-elf/lib\libc.a(libc_a-puts.o)
 .rodata._vfprintf_r.str1.4
                0x0000d4e0       0x42 C:/Users/AnlangZ/ZCodeProject/mouse-forwarder/tools/riscv-gcc/xpack-riscv-none-elf-gcc-14.2.0-2/bin/../lib/gcc/riscv-none-elf/14.2.0/../../../../riscv-none-elf/lib\libc.a(libc_a-vfprintf.o)
 .rodata._vfprintf_r
                0x0000d4e0      0x204 C:/Users/AnlangZ/ZCodeProject/mouse-forwarder/tools/riscv-gcc/xpack-riscv-none-elf-gcc-14.2.0-2/bin/../lib/gcc/riscv-none-elf/14.2.0/../../../../riscv-none-elf/lib\libc.a(libc_a-vfprintf.o)
 .rodata.zeroes.0
                0x0000d6e4       0x10 C:/Users/AnlangZ/ZCodeProject/mouse-forwarder/tools/riscv-gcc/xpack-riscv-none-elf-gcc-14.2.0-2/bin/../lib/gcc/riscv-none-elf/14.2.0/../../../../riscv-none-elf/lib\libc.a(libc_a-vfprintf.o)
 .rodata.blanks.1
                0x0000d6f4       0x10 C:/Users/AnlangZ/ZCodeProject/mouse-forwarder/tools/riscv-gcc/xpack-riscv-none-elf-gcc-14.2.0-2/bin/../lib/gcc/riscv-none-elf/14.2.0/../../../../riscv-none-elf/lib\libc.a(libc_a-vfprintf.o)
 .rodata.str1.4
                0x0000d704       0x4c C:/Users/AnlangZ/ZCodeProject/mouse-forwarder/tools/riscv-gcc/xpack-riscv-none-elf-gcc-14.2.0-2/bin/../lib/gcc/riscv-none-elf/14.2.0/../../../../riscv-none-elf/lib\libc.a(libc_a-locale.o)
 .rodata._dtoa_r.str1.4
                0x0000d704       0xb4 C:/Users/AnlangZ/ZCodeProject/mouse-forwarder/tools/riscv-gcc/xpack-riscv-none-elf-gcc-14.2.0-2/bin/../lib/gcc/riscv-none-elf/14.2.0/../../../../riscv-none-elf/lib\libc.a(libc_a-dtoa.o)
 .rodata.__multadd.str1.4
                0x0000d704       0xa1 C:/Users/AnlangZ/ZCodeProject/mouse-forwarder/tools/riscv-gcc/xpack-riscv-none-elf-gcc-14.2.0-2/bin/../lib/gcc/riscv-none-elf/14.2.0/../../../../riscv-none-elf/lib\libc.a(libc_a-mprec.o)
 .rodata.p05.0  0x0000d704        0xc C:/Users/AnlangZ/ZCodeProject/mouse-forwarder/tools/riscv-gcc/xpack-riscv-none-elf-gcc-14.2.0-2/bin/../lib/gcc/riscv-none-elf/14.2.0/../../../../riscv-none-elf/lib\libc.a(libc_a-mprec.o)
 .rodata.__mprec_bigtens
                0x0000d710       0x28 C:/Users/AnlangZ/ZCodeProject/mouse-forwarder/tools/riscv-gcc/xpack-riscv-none-elf-gcc-14.2.0-2/bin/../lib/gcc/riscv-none-elf/14.2.0/../../../../riscv-none-elf/lib\libc.a(libc_a-mprec.o)
                0x0000d710                __mprec_bigtens
 .rodata.__mprec_tens
                0x0000d738       0xc8 C:/Users/AnlangZ/ZCodeProject/mouse-forwarder/tools/riscv-gcc/xpack-riscv-none-elf-gcc-14.2.0-2/bin/../lib/gcc/riscv-none-elf/14.2.0/../../../../riscv-none-elf/lib\libc.a(libc_a-mprec.o)
                0x0000d738                __mprec_tens
 .rodata._ctype_
                0x0000d800      0x101 C:/Users/AnlangZ/ZCodeProject/mouse-forwarder/tools/riscv-gcc/xpack-riscv-none-elf-gcc-14.2.0-2/bin/../lib/gcc/riscv-none-elf/14.2.0/../../../../riscv-none-elf/lib\libc.a(libc_a-ctype_.o)
                0x0000d800                _ctype_
 .rodata.__assert_func.str1.4
                0x0000d901       0x43 C:/Users/AnlangZ/ZCodeProject/mouse-forwarder/tools/riscv-gcc/xpack-riscv-none-elf-gcc-14.2.0-2/bin/../lib/gcc/riscv-none-elf/14.2.0/../../../../riscv-none-elf/lib\libc.a(libc_a-assert.o)
 .rodata._vfiprintf_r.str1.4
                0x0000d901       0x2f C:/Users/AnlangZ/ZCodeProject/mouse-forwarder/tools/riscv-gcc/xpack-riscv-none-elf-gcc-14.2.0-2/bin/../lib/gcc/riscv-none-elf/14.2.0/../../../../riscv-none-elf/lib\libc.a(libc_a-vfiprintf.o)
 *fill*         0x0000d901        0x3 
 .rodata._vfiprintf_r
                0x0000d904      0x16c C:/Users/AnlangZ/ZCodeProject/mouse-forwarder/tools/riscv-gcc/xpack-riscv-none-elf-gcc-14.2.0-2/bin/../lib/gcc/riscv-none-elf/14.2.0/../../../../riscv-none-elf/lib\libc.a(libc_a-vfiprintf.o)
 .rodata.zeroes.0
                0x0000da70       0x10 C:/Users/AnlangZ/ZCodeProject/mouse-forwarder/tools/riscv-gcc/xpack-riscv-none-elf-gcc-14.2.0-2/bin/../lib/gcc/riscv-none-elf/14.2.0/../../../../riscv-none-elf/lib\libc.a(libc_a-vfiprintf.o)
 .rodata.blanks.1
                0x0000da80       0x10 C:/Users/AnlangZ/ZCodeProject/mouse-forwarder/tools/riscv-gcc/xpack-riscv-none-elf-gcc-14.2.0-2/bin/../lib/gcc/riscv-none-elf/14.2.0/../../../../riscv-none-elf/lib\libc.a(libc_a-vfiprintf.o)
 .rodata.__divdf3
                0x0000da90       0x40 C:/Users/AnlangZ/ZCodeProject/mouse-forwarder/tools/riscv-gcc/xpack-riscv-none-elf-gcc-14.2.0-2/bin/../lib/gcc/riscv-none-elf/14.2.0\libgcc.a(divdf3.o)
 .rodata.__clz_tab
                0x0000dad0      0x100 C:/Users/AnlangZ/ZCodeProject/mouse-forwarder/tools/riscv-gcc/xpack-riscv-none-elf-gcc-14.2.0-2/bin/../lib/gcc/riscv-none-elf/14.2.0\libgcc.a(_clz.o)
                0x0000dad0                __clz_tab
                0x0000dbd0                        . = ALIGN (0x4)
                0x0000dbd0                        _etext = .

.vector         0x0000dbd0      0x1a0
 .vector        0x0000dbd0      0x1a0 C:\Users\AnlangZ\AppData\Local\Temp\ccKhaRIj.o

.srodata.MyLangDescr
                0x0000dd70        0x4
 .srodata.MyLangDescr
                0x0000dd70        0x4 C:\Users\AnlangZ\AppData\Local\Temp\cc7JiYm1.o
                0x0000dd70                MyLangDescr

.srodata.HS_MyLangDescr
                0x0000dd74        0x4
 .srodata.HS_MyLangDescr
                0x0000dd74        0x4 C:\Users\AnlangZ\AppData\Local\Temp\ccDJCOHG.o
                0x0000dd74                HS_MyLangDescr

.srodata.ADCPrescTable
                0x0000dd78        0x4
 .srodata.ADCPrescTable
                0x0000dd78        0x4 C:\Users\AnlangZ\AppData\Local\Temp\ccCzJ9Vn.o

.srodata.cst8   0x0000dd80       0x68
 .srodata.cst8  0x0000dd80       0x68 C:/Users/AnlangZ/ZCodeProject/mouse-forwarder/tools/riscv-gcc/xpack-riscv-none-elf-gcc-14.2.0-2/bin/../lib/gcc/riscv-none-elf/14.2.0/../../../../riscv-none-elf/lib\libc.a(libc_a-vfprintf.o)
                                 0x20 (size before relaxing)
 .srodata.cst8  0x0000dde8        0x8 C:/Users/AnlangZ/ZCodeProject/mouse-forwarder/tools/riscv-gcc/xpack-riscv-none-elf-gcc-14.2.0-2/bin/../lib/gcc/riscv-none-elf/14.2.0/../../../../riscv-none-elf/lib\libc.a(libm_a-s_frexp.o)
 .srodata.cst8  0x0000dde8       0x48 C:/Users/AnlangZ/ZCodeProject/mouse-forwarder/tools/riscv-gcc/xpack-riscv-none-elf-gcc-14.2.0-2/bin/../lib/gcc/riscv-none-elf/14.2.0/../../../../riscv-none-elf/lib\libc.a(libc_a-dtoa.o)

.rela.dyn       0x0000dde8        0x0
 .rela.init     0x0000dde8        0x0 C:\Users\AnlangZ\AppData\Local\Temp\ccKhaRIj.o
 .rela.vector   0x0000dde8        0x0 C:\Users\AnlangZ\AppData\Local\Temp\ccKhaRIj.o
 .rela.text.handle_reset
                0x0000dde8        0x0 C:\Users\AnlangZ\AppData\Local\Temp\ccKhaRIj.o
 .rela.text._sbrk
                0x0000dde8        0x0 C:\Users\AnlangZ\AppData\Local\Temp\ccKhaRIj.o
 .rela.sdata.curbrk.0
                0x0000dde8        0x0 C:\Users\AnlangZ\AppData\Local\Temp\ccKhaRIj.o

.data           0x20000000      0x6d8 load address 0x0000dde8
                0x20000000                        . = ALIGN (0x4)
                0x0000dde8                        _sidata = LOADADDR (.data)
                0x20000000                        _sdata = .
 *(.data)
 *(.data.*)
 .data.IFTest_Buf
                0x20000000       0x35 C:\Users\AnlangZ\AppData\Local\Temp\ccWbAhaj.o
                0x20000000                IFTest_Buf
 *fill*         0x20000035        0x3 
 .data._impure_data
                0x20000038      0x120 C:/Users/AnlangZ/ZCodeProject/mouse-forwarder/tools/riscv-gcc/xpack-riscv-none-elf-gcc-14.2.0-2/bin/../lib/gcc/riscv-none-elf/14.2.0/../../../../riscv-none-elf/lib\libc.a(libc_a-impure.o)
                0x20000038                _impure_data
 .data.__sglue  0x20000158        0xc C:/Users/AnlangZ/ZCodeProject/mouse-forwarder/tools/riscv-gcc/xpack-riscv-none-elf-gcc-14.2.0-2/bin/../lib/gcc/riscv-none-elf/14.2.0/../../../../riscv-none-elf/lib\libc.a(libc_a-findfp.o)
                0x20000158                __sglue
 .data.__global_locale
                0x20000164      0x16c C:/Users/AnlangZ/ZCodeProject/mouse-forwarder/tools/riscv-gcc/xpack-riscv-none-elf-gcc-14.2.0-2/bin/../lib/gcc/riscv-none-elf/14.2.0/../../../../riscv-none-elf/lib\libc.a(libc_a-locale.o)
                0x20000164                __global_locale
 .data.__malloc_av_
                0x200002d0      0x408 C:/Users/AnlangZ/ZCodeProject/mouse-forwarder/tools/riscv-gcc/xpack-riscv-none-elf-gcc-14.2.0-2/bin/../lib/gcc/riscv-none-elf/14.2.0/../../../../riscv-none-elf/lib\libc.a(libc_a-mallocr.o)
                0x200002d0                __malloc_av_
                0x200006d8                        . = ALIGN (0x4)
                0x200006d8                        _edata = .

.sdata.SystemCoreClock
                0x200006d8        0x4 load address 0x0000e4c0
 .sdata.SystemCoreClock
                0x200006d8        0x4 C:\Users\AnlangZ\AppData\Local\Temp\ccgLXwmp.o
                0x200006d8                SystemCoreClock

.sdata.KB_Scan_Result
                0x200006dc        0x2 load address 0x0000e4c4
 .sdata.KB_Scan_Result
                0x200006dc        0x2 C:\Users\AnlangZ\AppData\Local\Temp\cccWGhUC.o
                0x200006dc                KB_Scan_Result

.sdata.MS_Scan_Result
                0x200006de        0x2 load address 0x0000e4c6
 .sdata.MS_Scan_Result
                0x200006de        0x2 C:\Users\AnlangZ\AppData\Local\Temp\cccWGhUC.o
                0x200006de                MS_Scan_Result

.sdata.curbrk.0
                0x200006e0        0x4 load address 0x0000e4c8
 .sdata.curbrk.0
                0x200006e0        0x4 C:\Users\AnlangZ\AppData\Local\Temp\ccRXQD3X.o

.sdata._impure_ptr
                0x200006e4        0x4 load address 0x0000e4cc
 .sdata._impure_ptr
                0x200006e4        0x4 C:/Users/AnlangZ/ZCodeProject/mouse-forwarder/tools/riscv-gcc/xpack-riscv-none-elf-gcc-14.2.0-2/bin/../lib/gcc/riscv-none-elf/14.2.0/../../../../riscv-none-elf/lib\libc.a(libc_a-impure.o)
                0x200006e4                _impure_ptr

.sdata.__malloc_sbrk_base
                0x200006e8        0x4 load address 0x0000e4d0
 .sdata.__malloc_sbrk_base
                0x200006e8        0x4 C:/Users/AnlangZ/ZCodeProject/mouse-forwarder/tools/riscv-gcc/xpack-riscv-none-elf-gcc-14.2.0-2/bin/../lib/gcc/riscv-none-elf/14.2.0/../../../../riscv-none-elf/lib\libc.a(libc_a-mallocr.o)
                0x200006e8                __malloc_sbrk_base

.sdata.__malloc_trim_threshold
                0x200006ec        0x4 load address 0x0000e4d4
 .sdata.__malloc_trim_threshold
                0x200006ec        0x4 C:/Users/AnlangZ/ZCodeProject/mouse-forwarder/tools/riscv-gcc/xpack-riscv-none-elf-gcc-14.2.0-2/bin/../lib/gcc/riscv-none-elf/14.2.0/../../../../riscv-none-elf/lib\libc.a(libc_a-mallocr.o)
                0x200006ec                __malloc_trim_threshold

.bss            0x200006f0     0x12b8 load address 0x0000e4d8
                0x200006f0                        . = ALIGN (0x4)
                0x200006f0                        _sbss = .
 *(.bss)
 *(.bss.*)
 .bss.USBFS_EP3_Buf
                0x200006f0       0x40 C:\Users\AnlangZ\AppData\Local\Temp\cctn96j9.o
                0x200006f0                USBFS_EP3_Buf
 .bss.USBFS_EP1_Buf
                0x20000730       0x40 C:\Users\AnlangZ\AppData\Local\Temp\cctn96j9.o
                0x20000730                USBFS_EP1_Buf
 .bss.USBFS_EP0_Buf
                0x20000770       0x40 C:\Users\AnlangZ\AppData\Local\Temp\cctn96j9.o
                0x20000770                USBFS_EP0_Buf
 .bss.USBHS_Endp_Busy
                0x200007b0       0x10 C:\Users\AnlangZ\AppData\Local\Temp\ccWbAhaj.o
                0x200007b0                USBHS_Endp_Busy
 .bss.USBHS_EP2_TX_Buf
                0x200007c0      0x200 C:\Users\AnlangZ\AppData\Local\Temp\ccWbAhaj.o
                0x200007c0                USBHS_EP2_TX_Buf
 .bss.USBHS_EP1_TX_Buf
                0x200009c0      0x200 C:\Users\AnlangZ\AppData\Local\Temp\ccWbAhaj.o
                0x200009c0                USBHS_EP1_TX_Buf
 .bss.USBHS_EP0_Buf
                0x20000bc0       0x40 C:\Users\AnlangZ\AppData\Local\Temp\ccWbAhaj.o
                0x20000bc0                USBHS_EP0_Buf
 .bss.UART2_Rx_Buf
                0x20000c00      0x800 C:\Users\AnlangZ\AppData\Local\Temp\cc0nr6zT.o
                0x20000c00                UART2_Rx_Buf
 .bss.UART2_Tx_Buf
                0x20001400      0x400 C:\Users\AnlangZ\AppData\Local\Temp\cc0nr6zT.o
                0x20001400                UART2_Tx_Buf
 .bss.Uart      0x20001800       0x46 C:\Users\AnlangZ\AppData\Local\Temp\cc0nr6zT.o
                0x20001800                Uart
 *fill*         0x20001846        0x2 
 .bss.__sf      0x20001848      0x138 C:/Users/AnlangZ/ZCodeProject/mouse-forwarder/tools/riscv-gcc/xpack-riscv-none-elf-gcc-14.2.0-2/bin/../lib/gcc/riscv-none-elf/14.2.0/../../../../riscv-none-elf/lib\libc.a(libc_a-findfp.o)
                0x20001848                __sf
 .bss.__malloc_current_mallinfo
                0x20001980       0x28 C:/Users/AnlangZ/ZCodeProject/mouse-forwarder/tools/riscv-gcc/xpack-riscv-none-elf-gcc-14.2.0-2/bin/../lib/gcc/riscv-none-elf/14.2.0/../../../../riscv-none-elf/lib\libc.a(libc_a-mallocr.o)
                0x20001980                __malloc_current_mallinfo
 *(COMMON)
                0x200019a8                        . = ALIGN (0x4)
                0x200019a8                        _ebss = .
                0x200019a8                        _end = .

.sbss.Rx_Packet_Ready
                0x200019a8        0x1 load address 0x0000e4d8
 .sbss.Rx_Packet_Ready
                0x200019a8        0x1 C:\Users\AnlangZ\AppData\Local\Temp\cc7lqtVh.o
                0x200019a8                Rx_Packet_Ready

.sbss.Rx_Idx    0x200019a9        0x1 load address 0x0000e4d8
 .sbss.Rx_Idx   0x200019a9        0x1 C:\Users\AnlangZ\AppData\Local\Temp\cc7lqtVh.o
                0x200019a9                Rx_Idx

.sbss.Rx_Packet
                0x200019ac        0x6 load address 0x0000e4d8
 .sbss.Rx_Packet
                0x200019ac        0x6 C:\Users\AnlangZ\AppData\Local\Temp\cc7lqtVh.o
                0x200019ac                Rx_Packet

.sbss.Mouse_Report
                0x200019b4        0x4 load address 0x0000e4d8
 .sbss.Mouse_Report
                0x200019b4        0x4 C:\Users\AnlangZ\AppData\Local\Temp\cc7lqtVh.o
                0x200019b4                Mouse_Report

.sbss.tog.0     0x200019b8        0x1 load address 0x0000e4d8
 .sbss.tog.0    0x200019b8        0x1 C:\Users\AnlangZ\AppData\Local\Temp\cctFsNBt.o

.sbss.USBFS_Endp_Busy
                0x200019bc        0x8 load address 0x0000e4d8
 .sbss.USBFS_Endp_Busy
                0x200019bc        0x8 C:\Users\AnlangZ\AppData\Local\Temp\cctn96j9.o
                0x200019bc                USBFS_Endp_Busy

.sbss.USBFS_DevEnumStatus
                0x200019c4        0x1 load address 0x0000e4d8
 .sbss.USBFS_DevEnumStatus
                0x200019c4        0x1 C:\Users\AnlangZ\AppData\Local\Temp\cctn96j9.o
                0x200019c4                USBFS_DevEnumStatus

.sbss.USBFS_DevSleepStatus
                0x200019c5        0x1 load address 0x0000e4d8
 .sbss.USBFS_DevSleepStatus
                0x200019c5        0x1 C:\Users\AnlangZ\AppData\Local\Temp\cctn96j9.o
                0x200019c5                USBFS_DevSleepStatus

.sbss.USBFS_DevAddr
                0x200019c6        0x1 load address 0x0000e4d8
 .sbss.USBFS_DevAddr
                0x200019c6        0x1 C:\Users\AnlangZ\AppData\Local\Temp\cctn96j9.o
                0x200019c6                USBFS_DevAddr

.sbss.USBFS_DevConfig
                0x200019c7        0x1 load address 0x0000e4d8
 .sbss.USBFS_DevConfig
                0x200019c7        0x1 C:\Users\AnlangZ\AppData\Local\Temp\cctn96j9.o
                0x200019c7                USBFS_DevConfig

.sbss.USBFS_SetupReqLen
                0x200019c8        0x2 load address 0x0000e4d8
 .sbss.USBFS_SetupReqLen
                0x200019c8        0x2 C:\Users\AnlangZ\AppData\Local\Temp\cctn96j9.o
                0x200019c8                USBFS_SetupReqLen

.sbss.USBFS_SetupReqIndex
                0x200019ca        0x2 load address 0x0000e4d8
 .sbss.USBFS_SetupReqIndex
                0x200019ca        0x2 C:\Users\AnlangZ\AppData\Local\Temp\cctn96j9.o
                0x200019ca                USBFS_SetupReqIndex

.sbss.USBFS_SetupReqValue
                0x200019cc        0x2 load address 0x0000e4d8
 .sbss.USBFS_SetupReqValue
                0x200019cc        0x2 C:\Users\AnlangZ\AppData\Local\Temp\cctn96j9.o
                0x200019cc                USBFS_SetupReqValue

.sbss.USBFS_SetupReqType
                0x200019ce        0x1 load address 0x0000e4d8
 .sbss.USBFS_SetupReqType
                0x200019ce        0x1 C:\Users\AnlangZ\AppData\Local\Temp\cctn96j9.o
                0x200019ce                USBFS_SetupReqType

.sbss.USBFS_SetupReqCode
                0x200019cf        0x1 load address 0x0000e4d8
 .sbss.USBFS_SetupReqCode
                0x200019cf        0x1 C:\Users\AnlangZ\AppData\Local\Temp\cctn96j9.o
                0x200019cf                USBFS_SetupReqCode

.sbss.pUSBFS_Descr
                0x200019d0        0x4 load address 0x0000e4d8
 .sbss.pUSBFS_Descr
                0x200019d0        0x4 C:\Users\AnlangZ\AppData\Local\Temp\cctn96j9.o
                0x200019d0                pUSBFS_Descr

.sbss.USBHS_HidProtocol
                0x200019d4        0x2 load address 0x0000e4d8
 .sbss.USBHS_HidProtocol
                0x200019d4        0x2 C:\Users\AnlangZ\AppData\Local\Temp\ccWbAhaj.o
                0x200019d4                USBHS_HidProtocol

.sbss.USBHS_HidIdle
                0x200019d8        0x2 load address 0x0000e4d8
 .sbss.USBHS_HidIdle
                0x200019d8        0x2 C:\Users\AnlangZ\AppData\Local\Temp\ccWbAhaj.o
                0x200019d8                USBHS_HidIdle

.sbss.USBHS_DevEnumStatus
                0x200019da        0x1 load address 0x0000e4d8
 .sbss.USBHS_DevEnumStatus
                0x200019da        0x1 C:\Users\AnlangZ\AppData\Local\Temp\ccWbAhaj.o
                0x200019da                USBHS_DevEnumStatus

.sbss.USBHS_DevSleepStatus
                0x200019db        0x1 load address 0x0000e4d8
 .sbss.USBHS_DevSleepStatus
                0x200019db        0x1 C:\Users\AnlangZ\AppData\Local\Temp\ccWbAhaj.o
                0x200019db                USBHS_DevSleepStatus

.sbss.USBHS_DevAddr
                0x200019dc        0x1 load address 0x0000e4d8
 .sbss.USBHS_DevAddr
                0x200019dc        0x1 C:\Users\AnlangZ\AppData\Local\Temp\ccWbAhaj.o
                0x200019dc                USBHS_DevAddr

.sbss.USBHS_DevConfig
                0x200019dd        0x1 load address 0x0000e4d8
 .sbss.USBHS_DevConfig
                0x200019dd        0x1 C:\Users\AnlangZ\AppData\Local\Temp\ccWbAhaj.o
                0x200019dd                USBHS_DevConfig

.sbss.USBHS_SetupReqLen
                0x200019de        0x2 load address 0x0000e4d8
 .sbss.USBHS_SetupReqLen
                0x200019de        0x2 C:\Users\AnlangZ\AppData\Local\Temp\ccWbAhaj.o
                0x200019de                USBHS_SetupReqLen

.sbss.USBHS_SetupReqIndex
                0x200019e0        0x2 load address 0x0000e4d8
 .sbss.USBHS_SetupReqIndex
                0x200019e0        0x2 C:\Users\AnlangZ\AppData\Local\Temp\ccWbAhaj.o
                0x200019e0                USBHS_SetupReqIndex

.sbss.USBHS_SetupReqValue
                0x200019e2        0x2 load address 0x0000e4d8
 .sbss.USBHS_SetupReqValue
                0x200019e2        0x2 C:\Users\AnlangZ\AppData\Local\Temp\ccWbAhaj.o
                0x200019e2                USBHS_SetupReqValue

.sbss.USBHS_SetupReqType
                0x200019e4        0x1 load address 0x0000e4d8
 .sbss.USBHS_SetupReqType
                0x200019e4        0x1 C:\Users\AnlangZ\AppData\Local\Temp\ccWbAhaj.o
                0x200019e4                USBHS_SetupReqType

.sbss.USBHS_SetupReqCode
                0x200019e5        0x1 load address 0x0000e4d8
 .sbss.USBHS_SetupReqCode
                0x200019e5        0x1 C:\Users\AnlangZ\AppData\Local\Temp\ccWbAhaj.o
                0x200019e5                USBHS_SetupReqCode

.sbss.pUSBHS_Descr
                0x200019e8        0x4 load address 0x0000e4d8
 .sbss.pUSBHS_Descr
                0x200019e8        0x4 C:\Users\AnlangZ\AppData\Local\Temp\ccWbAhaj.o
                0x200019e8                pUSBHS_Descr

.sbss.USBHS_Test_Flag
                0x200019ec        0x1 load address 0x0000e4d8
 .sbss.USBHS_Test_Flag
                0x200019ec        0x1 C:\Users\AnlangZ\AppData\Local\Temp\ccWbAhaj.o
                0x200019ec                USBHS_Test_Flag

.sbss.scan_result.1
                0x200019ee        0x2 load address 0x0000e4d8
 .sbss.scan_result.1
                0x200019ee        0x2 C:\Users\AnlangZ\AppData\Local\Temp\cccWGhUC.o

.sbss.scan_cnt.2
                0x200019f0        0x2 load address 0x0000e4d8
 .sbss.scan_cnt.2
                0x200019f0        0x2 C:\Users\AnlangZ\AppData\Local\Temp\cccWGhUC.o

.sbss.scan_result.5
                0x200019f2        0x2 load address 0x0000e4d8
 .sbss.scan_result.5
                0x200019f2        0x2 C:\Users\AnlangZ\AppData\Local\Temp\cccWGhUC.o

.sbss.scan_cnt.6
                0x200019f4        0x2 load address 0x0000e4d8
 .sbss.scan_cnt.6
                0x200019f4        0x2 C:\Users\AnlangZ\AppData\Local\Temp\cccWGhUC.o

.sbss.USART_Send_Cnt
                0x200019f6        0x1 load address 0x0000e4d8
 .sbss.USART_Send_Cnt
                0x200019f6        0x1 C:\Users\AnlangZ\AppData\Local\Temp\cccWGhUC.o
                0x200019f6                USART_Send_Cnt

.sbss.USART_Send_Flag
                0x200019f7        0x1 load address 0x0000e4d8
 .sbss.USART_Send_Flag
                0x200019f7        0x1 C:\Users\AnlangZ\AppData\Local\Temp\cccWGhUC.o
                0x200019f7                USART_Send_Flag

.sbss.USART_Recv_Dat
                0x200019f8        0x1 load address 0x0000e4d8
 .sbss.USART_Recv_Dat
                0x200019f8        0x1 C:\Users\AnlangZ\AppData\Local\Temp\cccWGhUC.o
                0x200019f8                USART_Recv_Dat

.sbss.KB_LED_Cur_Status
                0x200019f9        0x1 load address 0x0000e4d8
 .sbss.KB_LED_Cur_Status
                0x200019f9        0x1 C:\Users\AnlangZ\AppData\Local\Temp\cccWGhUC.o
                0x200019f9                KB_LED_Cur_Status

.sbss.KB_Scan_Done
                0x200019fa        0x1 load address 0x0000e4d8
 .sbss.KB_Scan_Done
                0x200019fa        0x1 C:\Users\AnlangZ\AppData\Local\Temp\cccWGhUC.o
                0x200019fa                KB_Scan_Done

.sbss.MS_Scan_Done
                0x200019fb        0x1 load address 0x0000e4d8
 .sbss.MS_Scan_Done
                0x200019fb        0x1 C:\Users\AnlangZ\AppData\Local\Temp\cccWGhUC.o
                0x200019fb                MS_Scan_Done

.sbss.UARTx_Rx_DMALastCount
                0x200019fc        0x4 load address 0x0000e4d8
 .sbss.UARTx_Rx_DMALastCount
                0x200019fc        0x4 C:\Users\AnlangZ\AppData\Local\Temp\cc0nr6zT.o
                0x200019fc                UARTx_Rx_DMALastCount

.sbss.UARTx_Rx_DMACurCount
                0x20001a00        0x4 load address 0x0000e4d8
 .sbss.UARTx_Rx_DMACurCount
                0x20001a00        0x4 C:\Users\AnlangZ\AppData\Local\Temp\cc0nr6zT.o
                0x20001a00                UARTx_Rx_DMACurCount

.sbss.p_ms      0x20001a04        0x2 load address 0x0000e4d8
 .sbss.p_ms     0x20001a04        0x2 C:\Users\AnlangZ\AppData\Local\Temp\ccRXQD3X.o

.sbss.p_us      0x20001a06        0x1 load address 0x0000e4d8
 .sbss.p_us     0x20001a06        0x1 C:\Users\AnlangZ\AppData\Local\Temp\ccRXQD3X.o

.sbss.NVIC_Priority_Group
                0x20001a08        0x4 load address 0x0000e4d8
 .sbss.NVIC_Priority_Group
                0x20001a08        0x4 C:\Users\AnlangZ\AppData\Local\Temp\cclyANSr.o
                0x20001a08                NVIC_Priority_Group

.sbss.__lock___malloc_recursive_mutex
                0x20001a0c        0x1 load address 0x0000e4d8
 .sbss.__lock___malloc_recursive_mutex
                0x20001a0c        0x1 C:/Users/AnlangZ/ZCodeProject/mouse-forwarder/tools/riscv-gcc/xpack-riscv-none-elf-gcc-14.2.0-2/bin/../lib/gcc/riscv-none-elf/14.2.0/../../../../riscv-none-elf/lib\libc.a(libc_a-lock.o)
                0x20001a0c                __lock___malloc_recursive_mutex

.sbss.__lock___sfp_recursive_mutex
                0x20001a10        0x1 load address 0x0000e4d8
 .sbss.__lock___sfp_recursive_mutex
                0x20001a10        0x1 C:/Users/AnlangZ/ZCodeProject/mouse-forwarder/tools/riscv-gcc/xpack-riscv-none-elf-gcc-14.2.0-2/bin/../lib/gcc/riscv-none-elf/14.2.0/../../../../riscv-none-elf/lib\libc.a(libc_a-lock.o)
                0x20001a10                __lock___sfp_recursive_mutex

.sbss.__stdio_exit_handler
                0x20001a14        0x4 load address 0x0000e4d8
 .sbss.__stdio_exit_handler
                0x20001a14        0x4 C:/Users/AnlangZ/ZCodeProject/mouse-forwarder/tools/riscv-gcc/xpack-riscv-none-elf-gcc-14.2.0-2/bin/../lib/gcc/riscv-none-elf/14.2.0/../../../../riscv-none-elf/lib\libc.a(libc_a-findfp.o)
                0x20001a14                __stdio_exit_handler

.sbss.errno     0x20001a18        0x4 load address 0x0000e4d8
 .sbss.errno    0x20001a18        0x4 C:/Users/AnlangZ/ZCodeProject/mouse-forwarder/tools/riscv-gcc/xpack-riscv-none-elf-gcc-14.2.0-2/bin/../lib/gcc/riscv-none-elf/14.2.0/../../../../riscv-none-elf/lib\libc.a(libc_a-reent.o)
                0x20001a18                errno

.sbss.__malloc_max_total_mem
                0x20001a1c        0x4 load address 0x0000e4d8
 .sbss.__malloc_max_total_mem
                0x20001a1c        0x4 C:/Users/AnlangZ/ZCodeProject/mouse-forwarder/tools/riscv-gcc/xpack-riscv-none-elf-gcc-14.2.0-2/bin/../lib/gcc/riscv-none-elf/14.2.0/../../../../riscv-none-elf/lib\libc.a(libc_a-mallocr.o)
                0x20001a1c                __malloc_max_total_mem

.sbss.__malloc_max_sbrked_mem
                0x20001a20        0x4 load address 0x0000e4d8
 .sbss.__malloc_max_sbrked_mem
                0x20001a20        0x4 C:/Users/AnlangZ/ZCodeProject/mouse-forwarder/tools/riscv-gcc/xpack-riscv-none-elf-gcc-14.2.0-2/bin/../lib/gcc/riscv-none-elf/14.2.0/../../../../riscv-none-elf/lib\libc.a(libc_a-mallocr.o)
                0x20001a20                __malloc_max_sbrked_mem

.sbss.__malloc_top_pad
                0x20001a24        0x4 load address 0x0000e4d8
 .sbss.__malloc_top_pad
                0x20001a24        0x4 C:/Users/AnlangZ/ZCodeProject/mouse-forwarder/tools/riscv-gcc/xpack-riscv-none-elf-gcc-14.2.0-2/bin/../lib/gcc/riscv-none-elf/14.2.0/../../../../riscv-none-elf/lib\libc.a(libc_a-mallocr.o)
                0x20001a24                __malloc_top_pad

.stack          0x20001a28      0x800 load address 0x0000e4d8
                0x20001a28                        . = ALIGN (0x4)
                0x20002228                        . = (. + 0x800)
 *fill*         0x20001a28      0x800 
                0x20002228                        _estack = .

/DISCARD/
 *(.eh_frame)
 *(.comment)
                [!provide]                        PROVIDE (_stack = (ORIGIN (RAM) + LENGTH (RAM)))
                [!provide]                        PROVIDE (_heap_start = _ebss)
                0x20007800                        PROVIDE (_heap_end = ((ORIGIN (RAM) + LENGTH (RAM)) - 0x800))
                0x200021a8                        PROVIDE (__global_pointer$ = (_ebss + 0x800))
                [!provide]                        PROVIDE (__bss_start = _sbss)
                [!provide]                        PROVIDE (_end = .)
                0x20002228                        PROVIDE (_eusrstack = _estack)
                0x0000dde8                        PROVIDE (_data_lma = _sidata)
                0x20000000                        PROVIDE (_data_vma = _sdata)
OUTPUT(obj/firmware.elf elf32-littleriscv)

.riscv.attributes
                0x00000000       0x60
 .riscv.attributes
                0x00000000       0x5e C:\Users\AnlangZ\AppData\Local\Temp\ccKhaRIj.o
 .riscv.attributes
                0x0000005e       0x5c C:\Users\AnlangZ\AppData\Local\Temp\cc7lqtVh.o
 .riscv.attributes
                0x000000ba       0x60 C:\Users\AnlangZ\AppData\Local\Temp\cctFsNBt.o
 .riscv.attributes
                0x0000011a       0x60 C:\Users\AnlangZ\AppData\Local\Temp\cctn96j9.o
 .riscv.attributes
                0x0000017a       0x5c C:\Users\AnlangZ\AppData\Local\Temp\cc7JiYm1.o
 .riscv.attributes
                0x000001d6       0x60 C:\Users\AnlangZ\AppData\Local\Temp\ccWbAhaj.o
 .riscv.attributes
                0x00000236       0x5c C:\Users\AnlangZ\AppData\Local\Temp\ccDJCOHG.o
 .riscv.attributes
                0x00000292       0x5c C:\Users\AnlangZ\AppData\Local\Temp\ccgLXwmp.o
 .riscv.attributes
                0x000002ee       0x60 C:\Users\AnlangZ\AppData\Local\Temp\cccWGhUC.o
 .riscv.attributes
                0x0000034e       0x5c C:\Users\AnlangZ\AppData\Local\Temp\ccYR4Pv3.o
 .riscv.attributes
                0x000003aa       0x5c C:\Users\AnlangZ\AppData\Local\Temp\cc0nr6zT.o
 .riscv.attributes
                0x00000406       0x5c C:\Users\AnlangZ\AppData\Local\Temp\ccRXQD3X.o
 .riscv.attributes
                0x00000462       0x5c C:\Users\AnlangZ\AppData\Local\Temp\ccp1UV1W.o
 .riscv.attributes
                0x000004be       0x5c C:\Users\AnlangZ\AppData\Local\Temp\ccujvOCd.o
 .riscv.attributes
                0x0000051a       0x5c C:\Users\AnlangZ\AppData\Local\Temp\ccvBJY2g.o
 .riscv.attributes
                0x00000576       0x5c C:\Users\AnlangZ\AppData\Local\Temp\cclyANSr.o
 .riscv.attributes
                0x000005d2       0x60 C:\Users\AnlangZ\AppData\Local\Temp\ccddKUzd.o
 .riscv.attributes
                0x00000632       0x5c C:\Users\AnlangZ\AppData\Local\Temp\ccCzJ9Vn.o
 .riscv.attributes
                0x0000068e       0x5c C:\Users\AnlangZ\AppData\Local\Temp\ccO1ZoyF.o
 .riscv.attributes
                0x000006ea       0x5c C:\Users\AnlangZ\AppData\Local\Temp\ccytFPi4.o
 .riscv.attributes
                0x00000746       0x47 C:/Users/AnlangZ/ZCodeProject/mouse-forwarder/tools/riscv-gcc/xpack-riscv-none-elf-gcc-14.2.0-2/bin/../lib/gcc/riscv-none-elf/14.2.0/../../../../riscv-none-elf/lib\libc.a(libc_a-printf.o)
 .riscv.attributes
                0x0000078d       0x47 C:/Users/AnlangZ/ZCodeProject/mouse-forwarder/tools/riscv-gcc/xpack-riscv-none-elf-gcc-14.2.0-2/bin/../lib/gcc/riscv-none-elf/14.2.0/../../../../riscv-none-elf/lib\libc.a(libc_a-puts.o)
 .riscv.attributes
                0x000007d4       0x47 C:/Users/AnlangZ/ZCodeProject/mouse-forwarder/tools/riscv-gcc/xpack-riscv-none-elf-gcc-14.2.0-2/bin/../lib/gcc/riscv-none-elf/14.2.0/../../../../riscv-none-elf/lib\libc.a(libc_a-impure.o)
 .riscv.attributes
                0x0000081b       0x47 C:/Users/AnlangZ/ZCodeProject/mouse-forwarder/tools/riscv-gcc/xpack-riscv-none-elf-gcc-14.2.0-2/bin/../lib/gcc/riscv-none-elf/14.2.0/../../../../riscv-none-elf/lib\libc.a(libc_a-lock.o)
 .riscv.attributes
                0x00000862       0x45 C:/Users/AnlangZ/ZCodeProject/mouse-forwarder/tools/riscv-gcc/xpack-riscv-none-elf-gcc-14.2.0-2/bin/../lib/gcc/riscv-none-elf/14.2.0/../../../../riscv-none-elf/lib\libc.a(libc_a-memset.o)
 .riscv.attributes
                0x000008a7       0x47 C:/Users/AnlangZ/ZCodeProject/mouse-forwarder/tools/riscv-gcc/xpack-riscv-none-elf-gcc-14.2.0-2/bin/../lib/gcc/riscv-none-elf/14.2.0/../../../../riscv-none-elf/lib\libc.a(libc_a-memcpy.o)
 .riscv.attributes
                0x000008ee       0x47 C:/Users/AnlangZ/ZCodeProject/mouse-forwarder/tools/riscv-gcc/xpack-riscv-none-elf-gcc-14.2.0-2/bin/../lib/gcc/riscv-none-elf/14.2.0/../../../../riscv-none-elf/lib\libc.a(libc_a-strlen.o)
 .riscv.attributes
                0x00000935       0x47 C:/Users/AnlangZ/ZCodeProject/mouse-forwarder/tools/riscv-gcc/xpack-riscv-none-elf-gcc-14.2.0-2/bin/../lib/gcc/riscv-none-elf/14.2.0/../../../../riscv-none-elf/lib\libc.a(libc_a-vfprintf.o)
 .riscv.attributes
                0x0000097c       0x47 C:/Users/AnlangZ/ZCodeProject/mouse-forwarder/tools/riscv-gcc/xpack-riscv-none-elf-gcc-14.2.0-2/bin/../lib/gcc/riscv-none-elf/14.2.0/../../../../riscv-none-elf/lib\libc.a(libc_a-sprint_r.o)
 .riscv.attributes
                0x000009c3       0x47 C:/Users/AnlangZ/ZCodeProject/mouse-forwarder/tools/riscv-gcc/xpack-riscv-none-elf-gcc-14.2.0-2/bin/../lib/gcc/riscv-none-elf/14.2.0/../../../../riscv-none-elf/lib\libc.a(libc_a-fflush.o)
 .riscv.attributes
                0x00000a0a       0x47 C:/Users/AnlangZ/ZCodeProject/mouse-forwarder/tools/riscv-gcc/xpack-riscv-none-elf-gcc-14.2.0-2/bin/../lib/gcc/riscv-none-elf/14.2.0/../../../../riscv-none-elf/lib\libc.a(libc_a-findfp.o)
 .riscv.attributes
                0x00000a51       0x47 C:/Users/AnlangZ/ZCodeProject/mouse-forwarder/tools/riscv-gcc/xpack-riscv-none-elf-gcc-14.2.0-2/bin/../lib/gcc/riscv-none-elf/14.2.0/../../../../riscv-none-elf/lib\libc.a(libc_a-fvwrite.o)
 .riscv.attributes
                0x00000a98       0x47 C:/Users/AnlangZ/ZCodeProject/mouse-forwarder/tools/riscv-gcc/xpack-riscv-none-elf-gcc-14.2.0-2/bin/../lib/gcc/riscv-none-elf/14.2.0/../../../../riscv-none-elf/lib\libc.a(libc_a-fwalk.o)
 .riscv.attributes
                0x00000adf       0x47 C:/Users/AnlangZ/ZCodeProject/mouse-forwarder/tools/riscv-gcc/xpack-riscv-none-elf-gcc-14.2.0-2/bin/../lib/gcc/riscv-none-elf/14.2.0/../../../../riscv-none-elf/lib\libc.a(libc_a-stdio.o)
 .riscv.attributes
                0x00000b26       0x47 C:/Users/AnlangZ/ZCodeProject/mouse-forwarder/tools/riscv-gcc/xpack-riscv-none-elf-gcc-14.2.0-2/bin/../lib/gcc/riscv-none-elf/14.2.0/../../../../riscv-none-elf/lib\libc.a(libc_a-wsetup.o)
 .riscv.attributes
                0x00000b6d       0x47 C:/Users/AnlangZ/ZCodeProject/mouse-forwarder/tools/riscv-gcc/xpack-riscv-none-elf-gcc-14.2.0-2/bin/../lib/gcc/riscv-none-elf/14.2.0/../../../../riscv-none-elf/lib\libc.a(libc_a-memchr.o)
 .riscv.attributes
                0x00000bb4       0x47 C:/Users/AnlangZ/ZCodeProject/mouse-forwarder/tools/riscv-gcc/xpack-riscv-none-elf-gcc-14.2.0-2/bin/../lib/gcc/riscv-none-elf/14.2.0/../../../../riscv-none-elf/lib\libc.a(libc_a-strncpy.o)
 .riscv.attributes
                0x00000bfb       0x47 C:/Users/AnlangZ/ZCodeProject/mouse-forwarder/tools/riscv-gcc/xpack-riscv-none-elf-gcc-14.2.0-2/bin/../lib/gcc/riscv-none-elf/14.2.0/../../../../riscv-none-elf/lib\libc.a(libc_a-locale.o)
 .riscv.attributes
                0x00000c42       0x47 C:/Users/AnlangZ/ZCodeProject/mouse-forwarder/tools/riscv-gcc/xpack-riscv-none-elf-gcc-14.2.0-2/bin/../lib/gcc/riscv-none-elf/14.2.0/../../../../riscv-none-elf/lib\libc.a(libc_a-localeconv.o)
 .riscv.attributes
                0x00000c89       0x47 C:/Users/AnlangZ/ZCodeProject/mouse-forwarder/tools/riscv-gcc/xpack-riscv-none-elf-gcc-14.2.0-2/bin/../lib/gcc/riscv-none-elf/14.2.0/../../../../riscv-none-elf/lib\libc.a(libc_a-closer.o)
 .riscv.attributes
                0x00000cd0       0x47 C:/Users/AnlangZ/ZCodeProject/mouse-forwarder/tools/riscv-gcc/xpack-riscv-none-elf-gcc-14.2.0-2/bin/../lib/gcc/riscv-none-elf/14.2.0/../../../../riscv-none-elf/lib\libc.a(libc_a-reent.o)
 .riscv.attributes
                0x00000d17       0x47 C:/Users/AnlangZ/ZCodeProject/mouse-forwarder/tools/riscv-gcc/xpack-riscv-none-elf-gcc-14.2.0-2/bin/../lib/gcc/riscv-none-elf/14.2.0/../../../../riscv-none-elf/lib\libc.a(libc_a-lseekr.o)
 .riscv.attributes
                0x00000d5e       0x47 C:/Users/AnlangZ/ZCodeProject/mouse-forwarder/tools/riscv-gcc/xpack-riscv-none-elf-gcc-14.2.0-2/bin/../lib/gcc/riscv-none-elf/14.2.0/../../../../riscv-none-elf/lib\libc.a(libc_a-readr.o)
 .riscv.attributes
                0x00000da5       0x47 C:/Users/AnlangZ/ZCodeProject/mouse-forwarder/tools/riscv-gcc/xpack-riscv-none-elf-gcc-14.2.0-2/bin/../lib/gcc/riscv-none-elf/14.2.0/../../../../riscv-none-elf/lib\libc.a(libc_a-writer.o)
 .riscv.attributes
                0x00000dec       0x47 C:/Users/AnlangZ/ZCodeProject/mouse-forwarder/tools/riscv-gcc/xpack-riscv-none-elf-gcc-14.2.0-2/bin/../lib/gcc/riscv-none-elf/14.2.0/../../../../riscv-none-elf/lib\libc.a(libc_a-memmove-stub.o)
 .riscv.attributes
                0x00000e33       0x47 C:/Users/AnlangZ/ZCodeProject/mouse-forwarder/tools/riscv-gcc/xpack-riscv-none-elf-gcc-14.2.0-2/bin/../lib/gcc/riscv-none-elf/14.2.0/../../../../riscv-none-elf/lib\libc.a(libm_a-s_frexp.o)
 .riscv.attributes
                0x00000e7a       0x47 C:/Users/AnlangZ/ZCodeProject/mouse-forwarder/tools/riscv-gcc/xpack-riscv-none-elf-gcc-14.2.0-2/bin/../lib/gcc/riscv-none-elf/14.2.0/../../../../riscv-none-elf/lib\libc.a(libc_a-dtoa.o)
 .riscv.attributes
                0x00000ec1       0x47 C:/Users/AnlangZ/ZCodeProject/mouse-forwarder/tools/riscv-gcc/xpack-riscv-none-elf-gcc-14.2.0-2/bin/../lib/gcc/riscv-none-elf/14.2.0/../../../../riscv-none-elf/lib\libc.a(libc_a-freer.o)
 .riscv.attributes
                0x00000f08       0x47 C:/Users/AnlangZ/ZCodeProject/mouse-forwarder/tools/riscv-gcc/xpack-riscv-none-elf-gcc-14.2.0-2/bin/../lib/gcc/riscv-none-elf/14.2.0/../../../../riscv-none-elf/lib\libc.a(libc_a-mallocr.o)
 .riscv.attributes
                0x00000f4f       0x47 C:/Users/AnlangZ/ZCodeProject/mouse-forwarder/tools/riscv-gcc/xpack-riscv-none-elf-gcc-14.2.0-2/bin/../lib/gcc/riscv-none-elf/14.2.0/../../../../riscv-none-elf/lib\libc.a(libc_a-mbtowc_r.o)
 .riscv.attributes
                0x00000f96       0x47 C:/Users/AnlangZ/ZCodeProject/mouse-forwarder/tools/riscv-gcc/xpack-riscv-none-elf-gcc-14.2.0-2/bin/../lib/gcc/riscv-none-elf/14.2.0/../../../../riscv-none-elf/lib\libc.a(libc_a-mlock.o)
 .riscv.attributes
                0x00000fdd       0x47 C:/Users/AnlangZ/ZCodeProject/mouse-forwarder/tools/riscv-gcc/xpack-riscv-none-elf-gcc-14.2.0-2/bin/../lib/gcc/riscv-none-elf/14.2.0/../../../../riscv-none-elf/lib\libc.a(libc_a-mprec.o)
 .riscv.attributes
                0x00001024       0x47 C:/Users/AnlangZ/ZCodeProject/mouse-forwarder/tools/riscv-gcc/xpack-riscv-none-elf-gcc-14.2.0-2/bin/../lib/gcc/riscv-none-elf/14.2.0/../../../../riscv-none-elf/lib\libc.a(libc_a-reallocr.o)
 .riscv.attributes
                0x0000106b       0x47 C:/Users/AnlangZ/ZCodeProject/mouse-forwarder/tools/riscv-gcc/xpack-riscv-none-elf-gcc-14.2.0-2/bin/../lib/gcc/riscv-none-elf/14.2.0/../../../../riscv-none-elf/lib\libc.a(libc_a-wctomb_r.o)
 .riscv.attributes
                0x000010b2       0x47 C:/Users/AnlangZ/ZCodeProject/mouse-forwarder/tools/riscv-gcc/xpack-riscv-none-elf-gcc-14.2.0-2/bin/../lib/gcc/riscv-none-elf/14.2.0/../../../../riscv-none-elf/lib\libc.a(libc_a-wcrtomb.o)
 .riscv.attributes
                0x000010f9       0x47 C:/Users/AnlangZ/ZCodeProject/mouse-forwarder/tools/riscv-gcc/xpack-riscv-none-elf-gcc-14.2.0-2/bin/../lib/gcc/riscv-none-elf/14.2.0/../../../../riscv-none-elf/lib\libc.a(libc_a-wcsrtombs.o)
 .riscv.attributes
                0x00001140       0x47 C:/Users/AnlangZ/ZCodeProject/mouse-forwarder/tools/riscv-gcc/xpack-riscv-none-elf-gcc-14.2.0-2/bin/../lib/gcc/riscv-none-elf/14.2.0/../../../../riscv-none-elf/lib\libc.a(libc_a-ctype_.o)
 .riscv.attributes
                0x00001187       0x47 C:/Users/AnlangZ/ZCodeProject/mouse-forwarder/tools/riscv-gcc/xpack-riscv-none-elf-gcc-14.2.0-2/bin/../lib/gcc/riscv-none-elf/14.2.0/../../../../riscv-none-elf/lib\libc.a(libc_a-fclose.o)
 .riscv.attributes
                0x000011ce       0x47 C:/Users/AnlangZ/ZCodeProject/mouse-forwarder/tools/riscv-gcc/xpack-riscv-none-elf-gcc-14.2.0-2/bin/../lib/gcc/riscv-none-elf/14.2.0/../../../../riscv-none-elf/lib\libc.a(libc_a-makebuf.o)
 .riscv.attributes
                0x00001215       0x47 C:/Users/AnlangZ/ZCodeProject/mouse-forwarder/tools/riscv-gcc/xpack-riscv-none-elf-gcc-14.2.0-2/bin/../lib/gcc/riscv-none-elf/14.2.0/../../../../riscv-none-elf/lib\libc.a(libc_a-fstatr.o)
 .riscv.attributes
                0x0000125c       0x47 C:/Users/AnlangZ/ZCodeProject/mouse-forwarder/tools/riscv-gcc/xpack-riscv-none-elf-gcc-14.2.0-2/bin/../lib/gcc/riscv-none-elf/14.2.0/../../../../riscv-none-elf/lib\libc.a(libc_a-isattyr.o)
 .riscv.attributes
                0x000012a3       0x47 C:/Users/AnlangZ/ZCodeProject/mouse-forwarder/tools/riscv-gcc/xpack-riscv-none-elf-gcc-14.2.0-2/bin/../lib/gcc/riscv-none-elf/14.2.0/../../../../riscv-none-elf/lib\libc.a(libc_a-sbrkr.o)
 .riscv.attributes
                0x000012ea       0x47 C:/Users/AnlangZ/ZCodeProject/mouse-forwarder/tools/riscv-gcc/xpack-riscv-none-elf-gcc-14.2.0-2/bin/../lib/gcc/riscv-none-elf/14.2.0/../../../../riscv-none-elf/lib\libc.a(libc_a-errno.o)
 .riscv.attributes
                0x00001331       0x47 C:/Users/AnlangZ/ZCodeProject/mouse-forwarder/tools/riscv-gcc/xpack-riscv-none-elf-gcc-14.2.0-2/bin/../lib/gcc/riscv-none-elf/14.2.0/../../../../riscv-none-elf/lib\libc.a(libc_a-assert.o)
 .riscv.attributes
                0x00001378       0x47 C:/Users/AnlangZ/ZCodeProject/mouse-forwarder/tools/riscv-gcc/xpack-riscv-none-elf-gcc-14.2.0-2/bin/../lib/gcc/riscv-none-elf/14.2.0/../../../../riscv-none-elf/lib\libc.a(libc_a-callocr.o)
 .riscv.attributes
                0x000013bf       0x47 C:/Users/AnlangZ/ZCodeProject/mouse-forwarder/tools/riscv-gcc/xpack-riscv-none-elf-gcc-14.2.0-2/bin/../lib/gcc/riscv-none-elf/14.2.0/../../../../riscv-none-elf/lib\libc.a(libc_a-wcsnrtombs.o)
 .riscv.attributes
                0x00001406       0x47 C:/Users/AnlangZ/ZCodeProject/mouse-forwarder/tools/riscv-gcc/xpack-riscv-none-elf-gcc-14.2.0-2/bin/../lib/gcc/riscv-none-elf/14.2.0/../../../../riscv-none-elf/lib\libc.a(libc_a-fiprintf.o)
 .riscv.attributes